Archive member included to satisfy reference by file (symbol)

c:/st/stm32cubeide_1.11.2/stm32cubeide/plugins/com.st.stm32cube.ide.mcu.externaltools.gnu-tools-for-stm32.10.3-2021.10.win32_1.0.200.202301161003/tools/bin/../lib/gcc/arm-none-eabi/10.3.1/../../../../arm-none-eabi/lib/thumb/v7e-m+fp/hard\libc_nano.a(lib_a-errno.o)
                              ./Core/Src/syscalls.o (__errno)
c:/st/stm32cubeide_1.11.2/stm32cubeide/plugins/com.st.stm32cube.ide.mcu.externaltools.gnu-tools-for-stm32.10.3-2021.10.win32_1.0.200.202301161003/tools/bin/../lib/gcc/arm-none-eabi/10.3.1/../../../../arm-none-eabi/lib/thumb/v7e-m+fp/hard\libc_nano.a(lib_a-exit.o)
                              c:/st/stm32cubeide_1.11.2/stm32cubeide/plugins/com.st.stm32cube.ide.mcu.externaltools.gnu-tools-for-stm32.10.3-2021.10.win32_1.0.200.202301161003/tools/bin/../lib/gcc/arm-none-eabi/10.3.1/../../../../arm-none-eabi/lib/thumb/v7e-m+fp/hard/crt0.o (exit)
c:/st/stm32cubeide_1.11.2/stm32cubeide/plugins/com.st.stm32cube.ide.mcu.externaltools.gnu-tools-for-stm32.10.3-2021.10.win32_1.0.200.202301161003/tools/bin/../lib/gcc/arm-none-eabi/10.3.1/../../../../arm-none-eabi/lib/thumb/v7e-m+fp/hard\libc_nano.a(lib_a-impure.o)
                              c:/st/stm32cubeide_1.11.2/stm32cubeide/plugins/com.st.stm32cube.ide.mcu.externaltools.gnu-tools-for-stm32.10.3-2021.10.win32_1.0.200.202301161003/tools/bin/../lib/gcc/arm-none-eabi/10.3.1/../../../../arm-none-eabi/lib/thumb/v7e-m+fp/hard\libc_nano.a(lib_a-exit.o) (_global_impure_ptr)
c:/st/stm32cubeide_1.11.2/stm32cubeide/plugins/com.st.stm32cube.ide.mcu.externaltools.gnu-tools-for-stm32.10.3-2021.10.win32_1.0.200.202301161003/tools/bin/../lib/gcc/arm-none-eabi/10.3.1/../../../../arm-none-eabi/lib/thumb/v7e-m+fp/hard\libc_nano.a(lib_a-init.o)
                              c:/st/stm32cubeide_1.11.2/stm32cubeide/plugins/com.st.stm32cube.ide.mcu.externaltools.gnu-tools-for-stm32.10.3-2021.10.win32_1.0.200.202301161003/tools/bin/../lib/gcc/arm-none-eabi/10.3.1/../../../../arm-none-eabi/lib/thumb/v7e-m+fp/hard/crt0.o (__libc_init_array)
c:/st/stm32cubeide_1.11.2/stm32cubeide/plugins/com.st.stm32cube.ide.mcu.externaltools.gnu-tools-for-stm32.10.3-2021.10.win32_1.0.200.202301161003/tools/bin/../lib/gcc/arm-none-eabi/10.3.1/../../../../arm-none-eabi/lib/thumb/v7e-m+fp/hard\libc_nano.a(lib_a-malloc.o)
                              ./Core/Src/touch_gtxxxx.o (malloc)
c:/st/stm32cubeide_1.11.2/stm32cubeide/plugins/com.st.stm32cube.ide.mcu.externaltools.gnu-tools-for-stm32.10.3-2021.10.win32_1.0.200.202301161003/tools/bin/../lib/gcc/arm-none-eabi/10.3.1/../../../../arm-none-eabi/lib/thumb/v7e-m+fp/hard\libc_nano.a(lib_a-memcmp.o)
                              ./Core/Src/main.o (memcmp)
c:/st/stm32cubeide_1.11.2/stm32cubeide/plugins/com.st.stm32cube.ide.mcu.externaltools.gnu-tools-for-stm32.10.3-2021.10.win32_1.0.200.202301161003/tools/bin/../lib/gcc/arm-none-eabi/10.3.1/../../../../arm-none-eabi/lib/thumb/v7e-m+fp/hard\libc_nano.a(lib_a-memcpy-stub.o)
                              ./Core/Src/touch_gtxxxx.o (memcpy)
c:/st/stm32cubeide_1.11.2/stm32cubeide/plugins/com.st.stm32cube.ide.mcu.externaltools.gnu-tools-for-stm32.10.3-2021.10.win32_1.0.200.202301161003/tools/bin/../lib/gcc/arm-none-eabi/10.3.1/../../../../arm-none-eabi/lib/thumb/v7e-m+fp/hard\libc_nano.a(lib_a-memset.o)
                              c:/st/stm32cubeide_1.11.2/stm32cubeide/plugins/com.st.stm32cube.ide.mcu.externaltools.gnu-tools-for-stm32.10.3-2021.10.win32_1.0.200.202301161003/tools/bin/../lib/gcc/arm-none-eabi/10.3.1/../../../../arm-none-eabi/lib/thumb/v7e-m+fp/hard/crt0.o (memset)
c:/st/stm32cubeide_1.11.2/stm32cubeide/plugins/com.st.stm32cube.ide.mcu.externaltools.gnu-tools-for-stm32.10.3-2021.10.win32_1.0.200.202301161003/tools/bin/../lib/gcc/arm-none-eabi/10.3.1/../../../../arm-none-eabi/lib/thumb/v7e-m+fp/hard\libc_nano.a(lib_a-nano-freer.o)
                              c:/st/stm32cubeide_1.11.2/stm32cubeide/plugins/com.st.stm32cube.ide.mcu.externaltools.gnu-tools-for-stm32.10.3-2021.10.win32_1.0.200.202301161003/tools/bin/../lib/gcc/arm-none-eabi/10.3.1/../../../../arm-none-eabi/lib/thumb/v7e-m+fp/hard\libc_nano.a(lib_a-malloc.o) (_free_r)
c:/st/stm32cubeide_1.11.2/stm32cubeide/plugins/com.st.stm32cube.ide.mcu.externaltools.gnu-tools-for-stm32.10.3-2021.10.win32_1.0.200.202301161003/tools/bin/../lib/gcc/arm-none-eabi/10.3.1/../../../../arm-none-eabi/lib/thumb/v7e-m+fp/hard\libc_nano.a(lib_a-nano-mallocr.o)
                              c:/st/stm32cubeide_1.11.2/stm32cubeide/plugins/com.st.stm32cube.ide.mcu.externaltools.gnu-tools-for-stm32.10.3-2021.10.win32_1.0.200.202301161003/tools/bin/../lib/gcc/arm-none-eabi/10.3.1/../../../../arm-none-eabi/lib/thumb/v7e-m+fp/hard\libc_nano.a(lib_a-malloc.o) (_malloc_r)
[...]
Memory Configuration

Name             Origin             Length             Attributes
RAM              0x0000000020000000 0x0000000000040000 xrw
FLASH            0x0000000008000000 0x0000000000100000 xr
*default*        0x0000000000000000 0xffffffffffffffff

Linker script and memory map

LOAD c:/st/stm32cubeide_1.11.2/stm32cubeide/plugins/com.st.stm32cube.ide.mcu.externaltools.gnu-tools-for-stm32.10.3-2021.10.win32_1.0.200.202301161003/tools/bin/../lib/gcc/arm-none-eabi/10.3.1/thumb/v7e-m+fp/hard/crti.o
LOAD c:/st/stm32cubeide_1.11.2/stm32cubeide/plugins/com.st.stm32cube.ide.mcu.externaltools.gnu-tools-for-stm32.10.3-2021.10.win32_1.0.200.202301161003/tools/bin/../lib/gcc/arm-none-eabi/10.3.1/thumb/v7e-m+fp/hard/crtbegin.o
LOAD c:/st/stm32cubeide_1.11.2/stm32cubeide/plugins/com.st.stm32cube.ide.mcu.externaltools.gnu-tools-for-stm32.10.3-2021.10.win32_1.0.200.202301161003/tools/bin/../lib/gcc/arm-none-eabi/10.3.1/../../../../arm-none-eabi/lib/thumb/v7e-m+fp/hard/crt0.o
LOAD ./Core/Src/LT768.o
LOAD ./Core/Src/LT768_Lib.o
LOAD ./Core/Src/ext_font.o
LOAD ./Core/Src/gpio.o
LOAD ./Core/Src/i2c.o
LOAD ./Core/Src/if_port.o
LOAD ./Core/Src/lcd.o
LOAD ./Core/Src/main.o
LOAD ./Core/Src/spi.o
LOAD ./Core/Src/stm32f4xx_hal_msp.o
LOAD ./Core/Src/stm32f4xx_it.o
LOAD ./Core/Src/sys.o
LOAD ./Core/Src/syscalls.o
LOAD ./Core/Src/sysmem.o
LOAD ./Core/Src/system_stm32f4xx.o
LOAD ./Core/Src/touch_gtxxxx.o
LOAD ./Core/Src/touch_gtxxxx_bsp.o
LOAD ./Core/Src/usart.o
LOAD ./Core/Startup/startup_stm32f412vgtx.o
LOAD ./Drivers/STM32F4xx_HAL_Driver/Src/stm32f4xx_hal.o
LOAD ./Drivers/STM32F4xx_HAL_Driver/Src/stm32f4xx_hal_cortex.o
LOAD ./Drivers/STM32F4xx_HAL_Driver/Src/stm32f4xx_hal_dma.o
LOAD ./Drivers/STM32F4xx_HAL_Driver/Src/stm32f4xx_hal_dma_ex.o
LOAD ./Drivers/STM32F4xx_HAL_Driver/Src/stm32f4xx_hal_exti.o
LOAD ./Drivers/STM32F4xx_HAL_Driver/Src/stm32f4xx_hal_flash.o
LOAD ./Drivers/STM32F4xx_HAL_Driver/Src/stm32f4xx_hal_flash_ex.o
LOAD ./Drivers/STM32F4xx_HAL_Driver/Src/stm32f4xx_hal_flash_ramfunc.o
LOAD ./Drivers/STM32F4xx_HAL_Driver/Src/stm32f4xx_hal_gpio.o
LOAD ./Drivers/STM32F4xx_HAL_Driver/Src/stm32f4xx_hal_i2c.o
LOAD ./Drivers/STM32F4xx_HAL_Driver/Src/stm32f4xx_hal_i2c_ex.o
LOAD ./Drivers/STM32F4xx_HAL_Driver/Src/stm32f4xx_hal_pwr.o
LOAD ./Drivers/STM32F4xx_HAL_Driver/Src/stm32f4xx_hal_pwr_ex.o
LOAD ./Drivers/STM32F4xx_HAL_Driver/Src/stm32f4xx_hal_rcc.o
LOAD ./Drivers/STM32F4xx_HAL_Driver/Src/stm32f4xx_hal_rcc_ex.o
LOAD ./Drivers/STM32F4xx_HAL_Driver/Src/stm32f4xx_hal_spi.o
LOAD ./Drivers/STM32F4xx_HAL_Driver/Src/stm32f4xx_hal_tim.o
LOAD ./Drivers/STM32F4xx_HAL_Driver/Src/stm32f4xx_hal_tim_ex.o
LOAD ./Drivers/STM32F4xx_HAL_Driver/Src/stm32f4xx_hal_uart.o
START GROUP
LOAD c:/st/stm32cubeide_1.11.2/stm32cubeide/plugins/com.st.stm32cube.ide.mcu.externaltools.gnu-tools-for-stm32.10.3-2021.10.win32_1.0.200.202301161003/tools/bin/../lib/gcc/arm-none-eabi/10.3.1/../../../../arm-none-eabi/lib/thumb/v7e-m+fp/hard\libc_nano.a
LOAD c:/st/stm32cubeide_1.11.2/stm32cubeide/plugins/com.st.stm32cube.ide.mcu.externaltools.gnu-tools-for-stm32.10.3-2021.10.win32_1.0.200.202301161003/tools/bin/../lib/gcc/arm-none-eabi/10.3.1/../../../../arm-none-eabi/lib/thumb/v7e-m+fp/hard\libm.a
END GROUP
START GROUP
LOAD c:/st/stm32cubeide_1.11.2/stm32cubeide/plugins/com.st.stm32cube.ide.mcu.externaltools.gnu-tools-for-stm32.10.3-2021.10.win32_1.0.200.202301161003/tools/bin/../lib/gcc/arm-none-eabi/10.3.1/thumb/v7e-m+fp/hard\libgcc.a
LOAD c:/st/stm32cubeide_1.11.2/stm32cubeide/plugins/com.st.stm32cube.ide.mcu.externaltools.gnu-tools-for-stm32.10.3-2021.10.win32_1.0.200.202301161003/tools/bin/../lib/gcc/arm-none-eabi/10.3.1/../../../../arm-none-eabi/lib/thumb/v7e-m+fp/hard\libc_nano.a
END GROUP
START GROUP
LOAD c:/st/stm32cubeide_1.11.2/stm32cubeide/plugins/com.st.stm32cube.ide.mcu.externaltools.gnu-tools-for-stm32.10.3-2021.10.win32_1.0.200.202301161003/tools/bin/../lib/gcc/arm-none-eabi/10.3.1/thumb/v7e-m+fp/hard\libgcc.a
LOAD c:/st/stm32cubeide_1.11.2/stm32cubeide/plugins/com.st.stm32cube.ide.mcu.externaltools.gnu-tools-for-stm32.10.3-2021.10.win32_1.0.200.202301161003/tools/bin/../lib/gcc/arm-none-eabi/10.3.1/../../../../arm-none-eabi/lib/thumb/v7e-m+fp/hard\libc_nano.a
LOAD c:/st/stm32cubeide_1.11.2/stm32cubeide/plugins/com.st.stm32cube.ide.mcu.externaltools.gnu-tools-for-stm32.10.3-2021.10.win32_1.0.200.202301161003/tools/bin/../lib/gcc/arm-none-eabi/10.3.1/../../../../arm-none-eabi/lib/thumb/v7e-m+fp/hard\libnosys.a
END GROUP
START GROUP
LOAD c:/st/stm32cubeide_1.11.2/stm32cubeide/plugins/com.st.stm32cube.ide.mcu.externaltools.gnu-tools-for-stm32.10.3-2021.10.win32_1.0.200.202301161003/tools/bin/../lib/gcc/arm-none-eabi/10.3.1/thumb/v7e-m+fp/hard\libgcc.a
LOAD c:/st/stm32cubeide_1.11.2/stm32cubeide/plugins/com.st.stm32cube.ide.mcu.externaltools.gnu-tools-for-stm32.10.3-2021.10.win32_1.0.200.202301161003/tools/bin/../lib/gcc/arm-none-eabi/10.3.1/../../../../arm-none-eabi/lib/thumb/v7e-m+fp/hard\libc_nano.a
LOAD c:/st/stm32cubeide_1.11.2/stm32cubeide/plugins/com.st.stm32cube.ide.mcu.externaltools.gnu-tools-for-stm32.10.3-2021.10.win32_1.0.200.202301161003/tools/bin/../lib/gcc/arm-none-eabi/10.3.1/../../../../arm-none-eabi/lib/thumb/v7e-m+fp/hard\libnosys.a
END GROUP
LOAD c:/st/stm32cubeide_1.11.2/stm32cubeide/plugins/com.st.stm32cube.ide.mcu.externaltools.gnu-tools-for-stm32.10.3-2021.10.win32_1.0.200.202301161003/tools/bin/../lib/gcc/arm-none-eabi/10.3.1/thumb/v7e-m+fp/hard/crtend.o
LOAD c:/st/stm32cubeide_1.11.2/stm32cubeide/plugins/com.st.stm32cube.ide.mcu.externaltools.gnu-tools-for-stm32.10.3-2021.10.win32_1.0.200.202301161003/tools/bin/../lib/gcc/arm-none-eabi/10.3.1/thumb/v7e-m+fp/hard/crtn.o
                0x0000000020040000                _estack = (ORIGIN (RAM) + LENGTH (RAM))
                0x0000000000000200                _Min_Heap_Size = 0x200
                0x0000000000000400                _Min_Stack_Size = 0x400

.isr_vector     0x0000000008000000      0x1c4
                0x0000000008000000                . = ALIGN (0x4)
 *(.isr_vector)
 .isr_vector    0x0000000008000000      0x1c4 ./Core/Startup/startup_stm32f412vgtx.o
                0x0000000008000000                g_pfnVectors
                0x00000000080001c4                . = ALIGN (0x4)

.text           0x00000000080001d0     0x8640
                0x00000000080001d0                . = ALIGN (0x4)
 *(.text)
 .text          0x00000000080001d0       0x40 c:/st/stm32cubeide_1.11.2/stm32cubeide/plugins/com.st.stm32cube.ide.mcu.externaltools.gnu-tools-for-stm32.10.3-2021.10.win32_1.0.200.202301161003/tools/bin/../lib/gcc/arm-none-eabi/10.3.1/thumb/v7e-m+fp/hard/crtbegin.o
 .text          0x0000000008000210       0xa0 c:/st/stm32cubeide_1.11.2/stm32cubeide/plugins/com.st.stm32cube.ide.mcu.externaltools.gnu-tools-for-stm32.10.3-2021.10.win32_1.0.200.202301161003/tools/bin/../lib/gcc/arm-none-eabi/10.3.1/../../../../arm-none-eabi/lib/thumb/v7e-m+fp/hard\libc_nano.a(lib_a-memchr.o)
                0x0000000008000210                memchr
 .text          0x00000000080002b0       0x30 c:/st/stm32cubeide_1.11.2/stm32cubeide/plugins/com.st.stm32cube.ide.mcu.externaltools.gnu-tools-for-stm32.10.3-2021.10.win32_1.0.200.202301161003/tools/bin/../lib/gcc/arm-none-eabi/10.3.1/thumb/v7e-m+fp/hard\libgcc.a(_aeabi_uldivmod.o)
                0x00000000080002b0                __aeabi_uldivmod
 .text          0x00000000080002e0      0x2d0 c:/st/stm32cubeide_1.11.2/stm32cubeide/plugins/com.st.stm32cube.ide.mcu.externaltools.gnu-tools-for-stm32.10.3-2021.10.win32_1.0.200.202301161003/tools/bin/../lib/gcc/arm-none-eabi/10.3.1/thumb/v7e-m+fp/hard\libgcc.a(_udivmoddi4.o)
                0x00000000080002e0                __udivmoddi4
 .text          0x00000000080005b0        0x4 c:/st/stm32cubeide_1.11.2/stm32cubeide/plugins/com.st.stm32cube.ide.mcu.externaltools.gnu-tools-for-stm32.10.3-2021.10.win32_1.0.200.202301161003/tools/bin/../lib/gcc/arm-none-eabi/10.3.1/thumb/v7e-m+fp/hard\libgcc.a(_dvmd_tls.o)
                0x00000000080005b0                __aeabi_idiv0
                0x00000000080005b0                __aeabi_ldiv0
 *(.text*)
 .text.LCD_RegisterWrite
                0x00000000080005b4       0x28 ./Core/Src/LT768.o
                0x00000000080005b4                LCD_RegisterWrite
 .text.Check_Mem_WR_FIFO_not_Full
                0x00000000080005dc       0x16 ./Core/Src/LT768.o
                0x00000000080005dc                Check_Mem_WR_FIFO_not_Full
 .text.Check_2D_Busy
                0x00000000080005f2       0x18 ./Core/Src/LT768.o
                0x00000000080005f2                Check_2D_Busy
 .text.Check_SDRAM_Ready
                0x000000000800060a       0x22 ./Core/Src/LT768.o
                0x000000000800060a                Check_SDRAM_Ready
 .text.Check_Busy_Draw
                0x000000000800062c       0x22 ./Core/Src/LT768.o
                0x000000000800062c                Check_Busy_Draw
 .text.TFT_16bit
                0x000000000800064e       0x34 ./Core/Src/LT768.o
                0x000000000800064e                TFT_16bit
 .text.Host_Bus_16bit
                0x0000000008000682       0x2c ./Core/Src/LT768.o
                0x0000000008000682                Host_Bus_16bit
 .text.RGB_16b_16bpp
                0x00000000080006ae       0x34 ./Core/Src/LT768.o
                0x00000000080006ae                RGB_16b_16bpp
 .text.MemWrite_Down_Top_Left_Right
                0x00000000080006e2       0x34 ./Core/Src/LT768.o
                0x00000000080006e2                MemWrite_Down_Top_Left_Right
 .text.Graphic_Mode
                0x0000000008000716       0x2c ./Core/Src/LT768.o
                0x0000000008000716                Graphic_Mode
 .text.Text_Mode
                0x0000000008000742       0x2c ./Core/Src/LT768.o
                0x0000000008000742                Text_Mode
 .text.Memory_Select_SDRAM
                0x000000000800076e       0x34 ./Core/Src/LT768.o
                0x000000000800076e                Memory_Select_SDRAM
 .text.Select_Main_Window_16bpp
                0x00000000080007a2       0x34 ./Core/Src/LT768.o
                0x00000000080007a2                Select_Main_Window_16bpp
 .text.PCLK_Falling
                0x00000000080007d6       0x2c ./Core/Src/LT768.o
                0x00000000080007d6                PCLK_Falling
 .text.Display_ON
                0x0000000008000802       0x2c ./Core/Src/LT768.o
                0x0000000008000802                Display_ON
 .text.VSCAN_T_to_B
                0x000000000800082e       0x2c ./Core/Src/LT768.o
                0x000000000800082e                VSCAN_T_to_B
 .text.PDATA_Set_RGB
                0x000000000800085a       0x2c ./Core/Src/LT768.o
                0x000000000800085a                PDATA_Set_RGB
 .text.HSYNC_Low_Active
                0x0000000008000886       0x2c ./Core/Src/LT768.o
                0x0000000008000886                HSYNC_Low_Active
 .text.VSYNC_Low_Active
                0x00000000080008b2       0x2c ./Core/Src/LT768.o
                0x00000000080008b2                VSYNC_Low_Active
 .text.DE_High_Active
                0x00000000080008de       0x2c ./Core/Src/LT768.o
                0x00000000080008de                DE_High_Active
 .text.LCD_HorizontalWidth_VerticalHeight
                0x000000000800090a       0xc6 ./Core/Src/LT768.o
                0x000000000800090a                LCD_HorizontalWidth_VerticalHeight
 .text.LCD_Horizontal_Non_Display
                0x00000000080009d0       0x68 ./Core/Src/LT768.o
                0x00000000080009d0                LCD_Horizontal_Non_Display
 .text.LCD_HSYNC_Start_Position
                0x0000000008000a38       0x40 ./Core/Src/LT768.o
                0x0000000008000a38                LCD_HSYNC_Start_Position
 .text.LCD_HSYNC_Pulse_Width
                0x0000000008000a78       0x40 ./Core/Src/LT768.o
                0x0000000008000a78                LCD_HSYNC_Pulse_Width
 .text.LCD_Vertical_Non_Display
                0x0000000008000ab8       0x3a ./Core/Src/LT768.o
                0x0000000008000ab8                LCD_Vertical_Non_Display
 .text.LCD_VSYNC_Start_Position
                0x0000000008000af2       0x28 ./Core/Src/LT768.o
                0x0000000008000af2                LCD_VSYNC_Start_Position
 .text.LCD_VSYNC_Pulse_Width
                0x0000000008000b1a       0x28 ./Core/Src/LT768.o
                0x0000000008000b1a                LCD_VSYNC_Pulse_Width
 .text.Main_Image_Start_Address
                0x0000000008000b42       0x46 ./Core/Src/LT768.o
                0x0000000008000b42                Main_Image_Start_Address
 .text.Main_Image_Width
                0x0000000008000b88       0x2e ./Core/Src/LT768.o
                0x0000000008000b88                Main_Image_Width
 .text.Main_Window_Start_XY
                0x0000000008000bb6       0x50 ./Core/Src/LT768.o
                0x0000000008000bb6                Main_Window_Start_XY
 .text.Canvas_Image_Start_address
                0x0000000008000c06       0x46 ./Core/Src/LT768.o
                0x0000000008000c06                Canvas_Image_Start_address
 .text.Canvas_image_width
                0x0000000008000c4c       0x2e ./Core/Src/LT768.o
                0x0000000008000c4c                Canvas_image_width
 .text.Active_Window_XY
                0x0000000008000c7a       0x50 ./Core/Src/LT768.o
                0x0000000008000c7a                Active_Window_XY
 .text.Active_Window_WH
                0x0000000008000cca       0x50 ./Core/Src/LT768.o
                0x0000000008000cca                Active_Window_WH
 .text.Memory_XY_Mode
                0x0000000008000d1a       0x2c ./Core/Src/LT768.o
                0x0000000008000d1a                Memory_XY_Mode
 .text.Memory_16bpp_Mode
                0x0000000008000d46       0x34 ./Core/Src/LT768.o
                0x0000000008000d46                Memory_16bpp_Mode
 .text.Goto_Text_XY
                0x0000000008000d7a       0x50 ./Core/Src/LT768.o
                0x0000000008000d7a                Goto_Text_XY
 .text.Start_Line
                0x0000000008000dca       0x18 ./Core/Src/LT768.o
                0x0000000008000dca                Start_Line
 .text.Line_Start_XY
                0x0000000008000de2       0x60 ./Core/Src/LT768.o
                0x0000000008000de2                Line_Start_XY
 .text.Line_End_XY
                0x0000000008000e42       0x60 ./Core/Src/LT768.o
                0x0000000008000e42                Line_End_XY
 .text.Square_Start_XY
                0x0000000008000ea2       0x60 ./Core/Src/LT768.o
                0x0000000008000ea2                Square_Start_XY
 .text.Square_End_XY
                0x0000000008000f02       0x60 ./Core/Src/LT768.o
                0x0000000008000f02                Square_End_XY
 .text.Start_Circle_or_Ellipse_Fill
                0x0000000008000f62       0x18 ./Core/Src/LT768.o
                0x0000000008000f62                Start_Circle_or_Ellipse_Fill
 .text.Start_Left_Up_Curve_Fill
                0x0000000008000f7a       0x18 ./Core/Src/LT768.o
                0x0000000008000f7a                Start_Left_Up_Curve_Fill
 .text.Start_Square_Fill
                0x0000000008000f92       0x18 ./Core/Src/LT768.o
                0x0000000008000f92                Start_Square_Fill
 .text.Start_Circle_Square_Fill
                0x0000000008000faa       0x18 ./Core/Src/LT768.o
                0x0000000008000faa                Start_Circle_Square_Fill
 .text.Circle_Center_XY
                0x0000000008000fc2       0x60 ./Core/Src/LT768.o
                0x0000000008000fc2                Circle_Center_XY
 .text.Ellipse_Center_XY
                0x0000000008001022       0x60 ./Core/Src/LT768.o
                0x0000000008001022                Ellipse_Center_XY
 .text.Circle_Radius_R
                0x0000000008001082       0x5a ./Core/Src/LT768.o
                0x0000000008001082                Circle_Radius_R
 .text.Ellipse_Radius_RxRy
                0x00000000080010dc       0x60 ./Core/Src/LT768.o
                0x00000000080010dc                Ellipse_Radius_RxRy
 .text.Circle_Square_Radius_RxRy
                0x000000000800113c       0x60 ./Core/Src/LT768.o
                0x000000000800113c                Circle_Square_Radius_RxRy
 .text.Set_PWM_Prescaler_1_to_256
                0x000000000800119c       0x28 ./Core/Src/LT768.o
                0x000000000800119c                Set_PWM_Prescaler_1_to_256
 .text.Select_PWM1_Clock_Divided_By_1
                0x00000000080011c4       0x34 ./Core/Src/LT768.o
                0x00000000080011c4                Select_PWM1_Clock_Divided_By_1
 .text.Select_PWM1_Clock_Divided_By_2
                0x00000000080011f8       0x34 ./Core/Src/LT768.o
                0x00000000080011f8                Select_PWM1_Clock_Divided_By_2
 .text.Select_PWM1_Clock_Divided_By_4
                0x000000000800122c       0x34 ./Core/Src/LT768.o
                0x000000000800122c                Select_PWM1_Clock_Divided_By_4
 .text.Select_PWM1_Clock_Divided_By_8
                0x0000000008001260       0x34 ./Core/Src/LT768.o
                0x0000000008001260                Select_PWM1_Clock_Divided_By_8
 .text.Select_PWM0_Clock_Divided_By_1
                0x0000000008001294       0x34 ./Core/Src/LT768.o
                0x0000000008001294                Select_PWM0_Clock_Divided_By_1
 .text.Select_PWM0_Clock_Divided_By_2
                0x00000000080012c8       0x34 ./Core/Src/LT768.o
                0x00000000080012c8                Select_PWM0_Clock_Divided_By_2
 .text.Select_PWM0_Clock_Divided_By_4
                0x00000000080012fc       0x34 ./Core/Src/LT768.o
                0x00000000080012fc                Select_PWM0_Clock_Divided_By_4
 .text.Select_PWM0_Clock_Divided_By_8
                0x0000000008001330       0x34 ./Core/Src/LT768.o
                0x0000000008001330                Select_PWM0_Clock_Divided_By_8
 .text.Select_PWM1
                0x0000000008001364       0x34 ./Core/Src/LT768.o
                0x0000000008001364                Select_PWM1
 .text.Select_PWM0
                0x0000000008001398       0x34 ./Core/Src/LT768.o
                0x0000000008001398                Select_PWM0
 .text.Start_PWM1
                0x00000000080013cc       0x2c ./Core/Src/LT768.o
                0x00000000080013cc                Start_PWM1
 .text.Stop_PWM1
                0x00000000080013f8       0x2c ./Core/Src/LT768.o
                0x00000000080013f8                Stop_PWM1
 .text.Start_PWM0
                0x0000000008001424       0x2c ./Core/Src/LT768.o
                0x0000000008001424                Start_PWM0
 .text.Stop_PWM0
                0x0000000008001450       0x2c ./Core/Src/LT768.o
                0x0000000008001450                Stop_PWM0
 .text.Set_Timer0_Compare_Buffer
                0x000000000800147c       0x36 ./Core/Src/LT768.o
                0x000000000800147c                Set_Timer0_Compare_Buffer
 .text.Set_Timer0_Count_Buffer
                0x00000000080014b2       0x36 ./Core/Src/LT768.o
                0x00000000080014b2                Set_Timer0_Count_Buffer
 .text.Set_Timer1_Compare_Buffer
                0x00000000080014e8       0x36 ./Core/Src/LT768.o
                0x00000000080014e8                Set_Timer1_Compare_Buffer
 .text.Set_Timer1_Count_Buffer
                0x000000000800151e       0x36 ./Core/Src/LT768.o
                0x000000000800151e                Set_Timer1_Count_Buffer
 .text.Select_SFI_Dual_Mode0
                0x0000000008001554       0x34 ./Core/Src/LT768.o
                0x0000000008001554                Select_SFI_Dual_Mode0
 .text.CGROM_Select_Internal_CGROM
                0x0000000008001588       0x34 ./Core/Src/LT768.o
                0x0000000008001588                CGROM_Select_Internal_CGROM
 .text.Font_Select_8x16_16x16
                0x00000000080015bc       0x34 ./Core/Src/LT768.o
                0x00000000080015bc                Font_Select_8x16_16x16
 .text.Font_Select_12x24_24x24
                0x00000000080015f0       0x34 ./Core/Src/LT768.o
                0x00000000080015f0                Font_Select_12x24_24x24
 .text.Font_Select_16x32_32x32
                0x0000000008001624       0x34 ./Core/Src/LT768.o
                0x0000000008001624                Font_Select_16x32_32x32
 .text.Enable_Font_Alignment
                0x0000000008001658       0x2c ./Core/Src/LT768.o
                0x0000000008001658                Enable_Font_Alignment
 .text.Disable_Font_Alignment
                0x0000000008001684       0x2c ./Core/Src/LT768.o
                0x0000000008001684                Disable_Font_Alignment
 .text.Font_Background_select_Transparency
                0x00000000080016b0       0x2c ./Core/Src/LT768.o
                0x00000000080016b0                Font_Background_select_Transparency
 .text.Font_Background_select_Color
                0x00000000080016dc       0x2c ./Core/Src/LT768.o
                0x00000000080016dc                Font_Background_select_Color
 .text.Font_Width_X1
                0x0000000008001708       0x34 ./Core/Src/LT768.o
                0x0000000008001708                Font_Width_X1
 .text.Font_Width_X2
                0x000000000800173c       0x34 ./Core/Src/LT768.o
                0x000000000800173c                Font_Width_X2
 .text.Font_Width_X3
                0x0000000008001770       0x34 ./Core/Src/LT768.o
                0x0000000008001770                Font_Width_X3
 .text.Font_Width_X4
                0x00000000080017a4       0x34 ./Core/Src/LT768.o
                0x00000000080017a4                Font_Width_X4
 .text.Font_Height_X1
                0x00000000080017d8       0x34 ./Core/Src/LT768.o
                0x00000000080017d8                Font_Height_X1
 .text.Font_Height_X2
                0x000000000800180c       0x34 ./Core/Src/LT768.o
                0x000000000800180c                Font_Height_X2
 .text.Font_Height_X3
                0x0000000008001840       0x34 ./Core/Src/LT768.o
                0x0000000008001840                Font_Height_X3
 .text.Font_Height_X4
                0x0000000008001874       0x34 ./Core/Src/LT768.o
                0x0000000008001874                Font_Height_X4
 .text.Foreground_color_65k
                0x00000000080018a8       0x4e ./Core/Src/LT768.o
                0x00000000080018a8                Foreground_color_65k
 .text.Background_color_65k
                0x00000000080018f6       0x4e ./Core/Src/LT768.o
                0x00000000080018f6                Background_color_65k
 .text.Show_String
                0x0000000008001944       0x40 ./Core/Src/LT768.o
                0x0000000008001944                Show_String
 .text.LT768_HW_Reset
                0x0000000008001984       0x2c ./Core/Src/LT768_Lib.o
                0x0000000008001984                LT768_HW_Reset
 .text.System_Check_Temp
                0x00000000080019b0       0xc4 ./Core/Src/LT768_Lib.o
                0x00000000080019b0                System_Check_Temp
 .text.LT768_PLL_Initial
                0x0000000008001a74      0x1ac ./Core/Src/LT768_Lib.o
                0x0000000008001a74                LT768_PLL_Initial
 .text.LT768_SDRAM_initail
                0x0000000008001c20       0x6a ./Core/Src/LT768_Lib.o
                0x0000000008001c20                LT768_SDRAM_initail
 .text.Set_LCD_Panel
                0x0000000008001c8a       0x70 ./Core/Src/LT768_Lib.o
                0x0000000008001c8a                Set_LCD_Panel
 *fill*         0x0000000008001cfa        0x2 
 .text.LT768_initial
                0x0000000008001cfc       0x20 ./Core/Src/LT768_Lib.o
                0x0000000008001cfc                LT768_initial
 .text.LT768_Init
                0x0000000008001d1c       0x44 ./Core/Src/LT768_Lib.o
                0x0000000008001d1c                LT768_Init
 .text.LT768_setMainWindow
                0x0000000008001d60       0x66 ./Core/Src/LT768_Lib.o
                0x0000000008001d60                LT768_setMainWindow
 .text.LT768_DrawLine
                0x0000000008001dc6       0x50 ./Core/Src/LT768_Lib.o
                0x0000000008001dc6                LT768_DrawLine
 .text.LT768_DrawLine_Width
                0x0000000008001e16       0x5c ./Core/Src/LT768_Lib.o
                0x0000000008001e16                LT768_DrawLine_Width
 .text.LT768_DrawCircle_Fill
                0x0000000008001e72       0x42 ./Core/Src/LT768_Lib.o
                0x0000000008001e72                LT768_DrawCircle_Fill
 .text.LT768_DrawCircle_Width
                0x0000000008001eb4       0x3a ./Core/Src/LT768_Lib.o
                0x0000000008001eb4                LT768_DrawCircle_Width
 .text.LT768_DrawSquare_Fill
                0x0000000008001eee       0x50 ./Core/Src/LT768_Lib.o
                0x0000000008001eee                LT768_DrawSquare_Fill
 .text.LT768_DrawCircleSquare_Fill
                0x0000000008001f3e       0x5c ./Core/Src/LT768_Lib.o
                0x0000000008001f3e                LT768_DrawCircleSquare_Fill
 .text.LT768_DrawCircleSquare_Width
                0x0000000008001f9a       0x74 ./Core/Src/LT768_Lib.o
                0x0000000008001f9a                LT768_DrawCircleSquare_Width
 .text.LT768_DrawLeftUpCurve_Fill
                0x000000000800200e       0x50 ./Core/Src/LT768_Lib.o
                0x000000000800200e                LT768_DrawLeftUpCurve_Fill
 .text.LT768_Select_Internal_Font_Init
                0x000000000800205e       0xbc ./Core/Src/LT768_Lib.o
                0x000000000800205e                LT768_Select_Internal_Font_Init
 .text.LT768_Print_Internal_Font_String
                0x000000000800211a       0x48 ./Core/Src/LT768_Lib.o
                0x000000000800211a                LT768_Print_Internal_Font_String
 .text.LT768_PWM0_Init
                0x0000000008002162       0x80 ./Core/Src/LT768_Lib.o
                0x0000000008002162                LT768_PWM0_Init
 .text.LT768_PWM1_Init
                0x00000000080021e2       0x80 ./Core/Src/LT768_Lib.o
                0x00000000080021e2                LT768_PWM1_Init
 *fill*         0x0000000008002262        0x2 
 .text.MX_GPIO_Init
                0x0000000008002264      0x160 ./Core/Src/gpio.o
                0x0000000008002264                MX_GPIO_Init
 .text.MX_I2C3_Init
                0x00000000080023c4       0x5c ./Core/Src/i2c.o
                0x00000000080023c4                MX_I2C3_Init
 .text.HAL_I2C_MspInit
                0x0000000008002420       0xd4 ./Core/Src/i2c.o
                0x0000000008002420                HAL_I2C_MspInit
 .text.SPI2_ReadWriteByte
                0x00000000080024f4       0x44 ./Core/Src/if_port.o
                0x00000000080024f4                SPI2_ReadWriteByte
 .text.SPI_CmdWrite_8
                0x0000000008002538       0x48 ./Core/Src/if_port.o
                0x0000000008002538                SPI_CmdWrite_8
 .text.SPI_DataWrite_8
                0x0000000008002580       0x40 ./Core/Src/if_port.o
                0x0000000008002580                SPI_DataWrite_8
 .text.SPI_StatusRead_8
                0x00000000080025c0       0x48 ./Core/Src/if_port.o
                0x00000000080025c0                SPI_StatusRead_8
 .text.SPI_DataRead_8
                0x0000000008002608       0x40 ./Core/Src/if_port.o
                0x0000000008002608                SPI_DataRead_8
 .text.LCD_CmdWrite
                0x0000000008002648       0x1a ./Core/Src/if_port.o
                0x0000000008002648                LCD_CmdWrite
 .text.LCD_DataWrite
                0x0000000008002662       0x1a ./Core/Src/if_port.o
                0x0000000008002662                LCD_DataWrite
 .text.LCD_StatusRead
                0x000000000800267c       0x1c ./Core/Src/if_port.o
                0x000000000800267c                LCD_StatusRead
 .text.LCD_DataRead
                0x0000000008002698       0x1c ./Core/Src/if_port.o
                0x0000000008002698                LCD_DataRead
 .text.Delay_us
                0x00000000080026b4       0x38 ./Core/Src/if_port.o
                0x00000000080026b4                Delay_us
 .text.Delay_ms
                0x00000000080026ec       0x3a ./Core/Src/if_port.o
                0x00000000080026ec                Delay_ms
 *fill*         0x0000000008002726        0x2 
 .text.main     0x0000000008002728      0x63c ./Core/Src/main.o
                0x0000000008002728                main
 .text.SystemClock_Config
                0x0000000008002d64       0xd4 ./Core/Src/main.o
                0x0000000008002d64                SystemClock_Config
 .text.drawKeyPad
                0x0000000008002e38      0x4b8 ./Core/Src/main.o
                0x0000000008002e38                drawKeyPad
 .text.int_to_string
                0x00000000080032f0       0x20 ./Core/Src/main.o
                0x00000000080032f0                int_to_string
 .text.Keypad_storePassword
                0x0000000008003310       0xc0 ./Core/Src/main.o
                0x0000000008003310                Keypad_storePassword
 .text.remove_last_entry_from_password
                0x00000000080033d0       0x8c ./Core/Src/main.o
                0x00000000080033d0                remove_last_entry_from_password
 .text.check_Password
                0x000000000800345c       0x38 ./Core/Src/main.o
                0x000000000800345c                check_Password
 .text.clear_password
                0x0000000008003494       0x8c ./Core/Src/main.o
                0x0000000008003494                clear_password
 .text.initiate_mainScreen
                0x0000000008003520       0x44 ./Core/Src/main.o
                0x0000000008003520                initiate_mainScreen
 .text.updatewidget
                0x0000000008003564      0x7e4 ./Core/Src/main.o
                0x0000000008003564                updatewidget
 .text.Error_Handler
                0x0000000008003d48        0xa ./Core/Src/main.o
                0x0000000008003d48                Error_Handler
 *fill*         0x0000000008003d52        0x2 
 .text.MX_SPI1_Init
                0x0000000008003d54       0x7c ./Core/Src/spi.o
                0x0000000008003d54                MX_SPI1_Init
 .text.HAL_SPI_MspInit
                0x0000000008003dd0       0x90 ./Core/Src/spi.o
                0x0000000008003dd0                HAL_SPI_MspInit
 .text.HAL_MspInit
                0x0000000008003e60       0x5c ./Core/Src/stm32f4xx_hal_msp.o
                0x0000000008003e60                HAL_MspInit
 .text.NMI_Handler
                0x0000000008003ebc        0x6 ./Core/Src/stm32f4xx_it.o
                0x0000000008003ebc                NMI_Handler
 .text.HardFault_Handler
                0x0000000008003ec2        0x6 ./Core/Src/stm32f4xx_it.o
                0x0000000008003ec2                HardFault_Handler
 .text.MemManage_Handler
                0x0000000008003ec8        0x6 ./Core/Src/stm32f4xx_it.o
                0x0000000008003ec8                MemManage_Handler
 .text.BusFault_Handler
                0x0000000008003ece        0x6 ./Core/Src/stm32f4xx_it.o
                0x0000000008003ece                BusFault_Handler
 .text.UsageFault_Handler
                0x0000000008003ed4        0x6 ./Core/Src/stm32f4xx_it.o
                0x0000000008003ed4                UsageFault_Handler
 .text.SVC_Handler
                0x0000000008003eda        0xe ./Core/Src/stm32f4xx_it.o
                0x0000000008003eda                SVC_Handler
 .text.DebugMon_Handler
                0x0000000008003ee8        0xe ./Core/Src/stm32f4xx_it.o
                0x0000000008003ee8                DebugMon_Handler
 .text.PendSV_Handler
                0x0000000008003ef6        0xe ./Core/Src/stm32f4xx_it.o
                0x0000000008003ef6                PendSV_Handler
 .text.SysTick_Handler
                0x0000000008003f04        0xc ./Core/Src/stm32f4xx_it.o
                0x0000000008003f04                SysTick_Handler
 .text.RCC_IRQHandler
                0x0000000008003f10        0xe ./Core/Src/stm32f4xx_it.o
                0x0000000008003f10                RCC_IRQHandler
 .text.EXTI1_IRQHandler
                0x0000000008003f1e        0xe ./Core/Src/stm32f4xx_it.o
                0x0000000008003f1e                EXTI1_IRQHandler
 .text._read    0x0000000008003f2c       0x3a ./Core/Src/syscalls.o
                0x0000000008003f2c                _read
 .text._write   0x0000000008003f66       0x38 ./Core/Src/syscalls.o
                0x0000000008003f66                _write
 .text._close   0x0000000008003f9e       0x18 ./Core/Src/syscalls.o
                0x0000000008003f9e                _close
 .text._fstat   0x0000000008003fb6       0x20 ./Core/Src/syscalls.o
                0x0000000008003fb6                _fstat
 .text._isatty  0x0000000008003fd6       0x16 ./Core/Src/syscalls.o
                0x0000000008003fd6                _isatty
 .text._lseek   0x0000000008003fec       0x1a ./Core/Src/syscalls.o
                0x0000000008003fec                _lseek
 *fill*         0x0000000008004006        0x2 
 .text._sbrk    0x0000000008004008       0x6c ./Core/Src/sysmem.o
                0x0000000008004008                _sbrk
 .text.SystemInit
                0x0000000008004074       0x24 ./Core/Src/system_stm32f4xx.o
                0x0000000008004074                SystemInit
 .text.CTP_I2C_Read
                0x0000000008004098       0x90 ./Core/Src/touch_gtxxxx.o
 .text.CTP_I2C_Write
                0x0000000008004128       0x80 ./Core/Src/touch_gtxxxx.o
 .text.CTP_I2C_Test
                0x00000000080041a8       0x9c ./Core/Src/touch_gtxxxx.o
 .text.CTP_Touch_Up
                0x0000000008004244       0x84 ./Core/Src/touch_gtxxxx.o
 .text.CTP_TS_Work_Func
                0x00000000080042c8      0x128 ./Core/Src/touch_gtxxxx.o
                0x00000000080042c8                CTP_TS_Work_Func
 .text.CTP_Get_Info
                0x00000000080043f0      0x108 ./Core/Src/touch_gtxxxx.o
 .text.CTP_Init_Panel
                0x00000000080044f8      0x404 ./Core/Src/touch_gtxxxx.o
                0x00000000080044f8                CTP_Init_Panel
 .text.CTP_Read_Version
                0x00000000080048fc      0x14c ./Core/Src/touch_gtxxxx.o
 .text.ctDelay  0x0000000008004a48       0x16 ./Core/Src/touch_gtxxxx_bsp.o
                0x0000000008004a48                ctDelay
 *fill*         0x0000000008004a5e        0x2 
 .text.ctMessagePut
                0x0000000008004a60       0x40 ./Core/Src/touch_gtxxxx_bsp.o
                0x0000000008004a60                ctMessagePut
 .text.I2C_ResetChip
                0x0000000008004aa0       0x94 ./Core/Src/touch_gtxxxx_bsp.o
                0x0000000008004aa0                I2C_ResetChip
 .text.EXTI_IRQ_enable
                0x0000000008004b34       0x18 ./Core/Src/touch_gtxxxx_bsp.o
                0x0000000008004b34                EXTI_IRQ_enable
 .text.HAL_GPIO_EXTI_Callback
                0x0000000008004b4c       0x1c ./Core/Src/touch_gtxxxx_bsp.o
                0x0000000008004b4c                HAL_GPIO_EXTI_Callback
 .text.I2C_Touch_Init
                0x0000000008004b68       0x78 ./Core/Src/touch_gtxxxx_bsp.o
                0x0000000008004b68                I2C_Touch_Init
 .text.I2C_Transfer
                0x0000000008004be0       0xd4 ./Core/Src/touch_gtxxxx_bsp.o
                0x0000000008004be0                I2C_Transfer
 .text.MX_USART1_UART_Init
                0x0000000008004cb4       0x54 ./Core/Src/usart.o
                0x0000000008004cb4                MX_USART1_UART_Init
 .text.HAL_UART_MspInit
                0x0000000008004d08       0x90 ./Core/Src/usart.o
                0x0000000008004d08                HAL_UART_MspInit
 .text.Reset_Handler
                0x0000000008004d98       0x50 ./Core/Startup/startup_stm32f412vgtx.o
                0x0000000008004d98                Reset_Handler
 .text.Default_Handler
                0x0000000008004de8        0x2 ./Core/Startup/startup_stm32f412vgtx.o
                0x0000000008004de8                RTC_Alarm_IRQHandler
                0x0000000008004de8                EXTI2_IRQHandler
                0x0000000008004de8                TIM8_CC_IRQHandler
                0x0000000008004de8                FMPI2C1_EV_IRQHandler
                0x0000000008004de8                SPI4_IRQHandler
                0x0000000008004de8                TIM1_CC_IRQHandler
                0x0000000008004de8                DMA2_Stream5_IRQHandler
                0x0000000008004de8                DMA1_Stream5_IRQHandler
                0x0000000008004de8                TIM6_IRQHandler
                0x0000000008004de8                PVD_IRQHandler
                0x0000000008004de8                SDIO_IRQHandler
                0x0000000008004de8                TAMP_STAMP_IRQHandler
                0x0000000008004de8                CAN2_RX1_IRQHandler
                0x0000000008004de8                EXTI3_IRQHandler
                0x0000000008004de8                TIM8_TRG_COM_TIM14_IRQHandler
                0x0000000008004de8                DFSDM1_FLT1_IRQHandler
                0x0000000008004de8                TIM1_UP_TIM10_IRQHandler
                0x0000000008004de8                TIM8_UP_TIM13_IRQHandler
                0x0000000008004de8                I2C3_ER_IRQHandler
                0x0000000008004de8                EXTI0_IRQHandler
                0x0000000008004de8                I2C2_EV_IRQHandler
                0x0000000008004de8                DMA1_Stream2_IRQHandler
                0x0000000008004de8                CAN1_RX0_IRQHandler
                0x0000000008004de8                FPU_IRQHandler
                0x0000000008004de8                CAN2_SCE_IRQHandler
                0x0000000008004de8                DMA2_Stream2_IRQHandler
                0x0000000008004de8                SPI1_IRQHandler
                0x0000000008004de8                TIM1_BRK_TIM9_IRQHandler
                0x0000000008004de8                CAN2_RX0_IRQHandler
                0x0000000008004de8                DMA2_Stream3_IRQHandler
                0x0000000008004de8                USART6_IRQHandler
                0x0000000008004de8                USART3_IRQHandler
                0x0000000008004de8                CAN1_RX1_IRQHandler
                0x0000000008004de8                DMA2_Stream0_IRQHandler
                0x0000000008004de8                TIM4_IRQHandler
                0x0000000008004de8                QUADSPI_IRQHandler
                0x0000000008004de8                I2C1_EV_IRQHandler
                0x0000000008004de8                DMA1_Stream6_IRQHandler
                0x0000000008004de8                DMA1_Stream1_IRQHandler
                0x0000000008004de8                TIM3_IRQHandler
                0x0000000008004de8                TIM8_BRK_TIM12_IRQHandler
                0x0000000008004de8                Default_Handler
                0x0000000008004de8                EXTI15_10_IRQHandler
                0x0000000008004de8                ADC_IRQHandler
                0x0000000008004de8                DMA1_Stream7_IRQHandler
                0x0000000008004de8                SPI5_IRQHandler
                0x0000000008004de8                TIM7_IRQHandler
                0x0000000008004de8                CAN2_TX_IRQHandler
                0x0000000008004de8                TIM5_IRQHandler
                0x0000000008004de8                DMA2_Stream7_IRQHandler
                0x0000000008004de8                I2C3_EV_IRQHandler
                0x0000000008004de8                EXTI9_5_IRQHandler
                0x0000000008004de8                RTC_WKUP_IRQHandler
                0x0000000008004de8                SPI2_IRQHandler
                0x0000000008004de8                DMA1_Stream0_IRQHandler
                0x0000000008004de8                CAN1_TX_IRQHandler
                0x0000000008004de8                FMPI2C1_ER_IRQHandler
                0x0000000008004de8                EXTI4_IRQHandler
                0x0000000008004de8                RNG_IRQHandler
                0x0000000008004de8                WWDG_IRQHandler
                0x0000000008004de8                TIM2_IRQHandler
                0x0000000008004de8                OTG_FS_WKUP_IRQHandler
                0x0000000008004de8                TIM1_TRG_COM_TIM11_IRQHandler
                0x0000000008004de8                USART2_IRQHandler
                0x0000000008004de8                DFSDM1_FLT0_IRQHandler
                0x0000000008004de8                I2C2_ER_IRQHandler
                0x0000000008004de8                DMA2_Stream1_IRQHandler
                0x0000000008004de8                CAN1_SCE_IRQHandler
                0x0000000008004de8                FLASH_IRQHandler
                0x0000000008004de8                DMA2_Stream4_IRQHandler
                0x0000000008004de8                USART1_IRQHandler
                0x0000000008004de8                OTG_FS_IRQHandler
                0x0000000008004de8                SPI3_IRQHandler
                0x0000000008004de8                DMA1_Stream4_IRQHandler
                0x0000000008004de8                I2C1_ER_IRQHandler
                0x0000000008004de8                DMA2_Stream6_IRQHandler
                0x0000000008004de8                DMA1_Stream3_IRQHandler
 *fill*         0x0000000008004dea        0x2 
 .text.HAL_Init
                0x0000000008004dec       0x44 ./Drivers/STM32F4xx_HAL_Driver/Src/stm32f4xx_hal.o
                0x0000000008004dec                HAL_Init
 .text.HAL_InitTick
                0x0000000008004e30       0x60 ./Drivers/STM32F4xx_HAL_Driver/Src/stm32f4xx_hal.o
                0x0000000008004e30                HAL_InitTick
 .text.HAL_IncTick
                0x0000000008004e90       0x28 ./Drivers/STM32F4xx_HAL_Driver/Src/stm32f4xx_hal.o
                0x0000000008004e90                HAL_IncTick
 .text.HAL_GetTick
                0x0000000008004eb8       0x18 ./Drivers/STM32F4xx_HAL_Driver/Src/stm32f4xx_hal.o
                0x0000000008004eb8                HAL_GetTick
 .text.HAL_Delay
                0x0000000008004ed0       0x48 ./Drivers/STM32F4xx_HAL_Driver/Src/stm32f4xx_hal.o
                0x0000000008004ed0                HAL_Delay
 .text.__NVIC_SetPriorityGrouping
                0x0000000008004f18       0x48 ./Drivers/STM32F4xx_HAL_Driver/Src/stm32f4xx_hal_cortex.o
 .text.__NVIC_GetPriorityGrouping
                0x0000000008004f60       0x1c ./Drivers/STM32F4xx_HAL_Driver/Src/stm32f4xx_hal_cortex.o
 .text.__NVIC_EnableIRQ
                0x0000000008004f7c       0x3c ./Drivers/STM32F4xx_HAL_Driver/Src/stm32f4xx_hal_cortex.o
 .text.__NVIC_DisableIRQ
                0x0000000008004fb8       0x48 ./Drivers/STM32F4xx_HAL_Driver/Src/stm32f4xx_hal_cortex.o
 .text.__NVIC_SetPriority
                0x0000000008005000       0x54 ./Drivers/STM32F4xx_HAL_Driver/Src/stm32f4xx_hal_cortex.o
 .text.NVIC_EncodePriority
                0x0000000008005054       0x66 ./Drivers/STM32F4xx_HAL_Driver/Src/stm32f4xx_hal_cortex.o
 *fill*         0x00000000080050ba        0x2 
 .text.SysTick_Config
                0x00000000080050bc       0x44 ./Drivers/STM32F4xx_HAL_Driver/Src/stm32f4xx_hal_cortex.o
 .text.HAL_NVIC_SetPriorityGrouping
                0x0000000008005100       0x16 ./Drivers/STM32F4xx_HAL_Driver/Src/stm32f4xx_hal_cortex.o
                0x0000000008005100                HAL_NVIC_SetPriorityGrouping
 .text.HAL_NVIC_SetPriority
                0x0000000008005116       0x38 ./Drivers/STM32F4xx_HAL_Driver/Src/stm32f4xx_hal_cortex.o
                0x0000000008005116                HAL_NVIC_SetPriority
 .text.HAL_NVIC_EnableIRQ
                0x000000000800514e       0x1c ./Drivers/STM32F4xx_HAL_Driver/Src/stm32f4xx_hal_cortex.o
                0x000000000800514e                HAL_NVIC_EnableIRQ
 .text.HAL_NVIC_DisableIRQ
                0x000000000800516a       0x1c ./Drivers/STM32F4xx_HAL_Driver/Src/stm32f4xx_hal_cortex.o
                0x000000000800516a                HAL_NVIC_DisableIRQ
 .text.HAL_SYSTICK_Config
                0x0000000008005186       0x18 ./Drivers/STM32F4xx_HAL_Driver/Src/stm32f4xx_hal_cortex.o
                0x0000000008005186                HAL_SYSTICK_Config
 *fill*         0x000000000800519e        0x2 
 .text.HAL_GPIO_Init
                0x00000000080051a0      0x308 ./Drivers/STM32F4xx_HAL_Driver/Src/stm32f4xx_hal_gpio.o
                0x00000000080051a0                HAL_GPIO_Init
 .text.HAL_GPIO_WritePin
                0x00000000080054a8       0x32 ./Drivers/STM32F4xx_HAL_Driver/Src/stm32f4xx_hal_gpio.o
                0x00000000080054a8                HAL_GPIO_WritePin
 *fill*         0x00000000080054da        0x2 
 .text.HAL_GPIO_EXTI_IRQHandler
                0x00000000080054dc       0x30 ./Drivers/STM32F4xx_HAL_Driver/Src/stm32f4xx_hal_gpio.o
                0x00000000080054dc                HAL_GPIO_EXTI_IRQHandler
 .text.HAL_I2C_Init
                0x000000000800550c      0x288 ./Drivers/STM32F4xx_HAL_Driver/Src/stm32f4xx_hal_i2c.o
                0x000000000800550c                HAL_I2C_Init
 .text.HAL_I2C_Master_Transmit
                0x0000000008005794      0x1fc ./Drivers/STM32F4xx_HAL_Driver/Src/stm32f4xx_hal_i2c.o
                0x0000000008005794                HAL_I2C_Master_Transmit
 .text.HAL_I2C_Master_Receive
                0x0000000008005990      0x44c ./Drivers/STM32F4xx_HAL_Driver/Src/stm32f4xx_hal_i2c.o
                0x0000000008005990                HAL_I2C_Master_Receive
 .text.I2C_MasterRequestWrite
                0x0000000008005ddc      0x104 ./Drivers/STM32F4xx_HAL_Driver/Src/stm32f4xx_hal_i2c.o
 .text.I2C_MasterRequestRead
                0x0000000008005ee0      0x19c ./Drivers/STM32F4xx_HAL_Driver/Src/stm32f4xx_hal_i2c.o
 .text.I2C_WaitOnFlagUntilTimeout
                0x000000000800607c       0xae ./Drivers/STM32F4xx_HAL_Driver/Src/stm32f4xx_hal_i2c.o
 .text.I2C_WaitOnMasterAddressFlagUntilTimeout
                0x000000000800612a       0xfe ./Drivers/STM32F4xx_HAL_Driver/Src/stm32f4xx_hal_i2c.o
 .text.I2C_WaitOnTXEFlagUntilTimeout
                0x0000000008006228       0x82 ./Drivers/STM32F4xx_HAL_Driver/Src/stm32f4xx_hal_i2c.o
 .text.I2C_WaitOnBTFFlagUntilTimeout
                0x00000000080062aa       0x82 ./Drivers/STM32F4xx_HAL_Driver/Src/stm32f4xx_hal_i2c.o
 .text.I2C_WaitOnRXNEFlagUntilTimeout
                0x000000000800632c       0xac ./Drivers/STM32F4xx_HAL_Driver/Src/stm32f4xx_hal_i2c.o
 .text.I2C_IsAcknowledgeFailed
                0x00000000080063d8       0x5e ./Drivers/STM32F4xx_HAL_Driver/Src/stm32f4xx_hal_i2c.o
 *fill*         0x0000000008006436        0x2 
 .text.HAL_RCC_ClockConfig
                0x0000000008006438      0x1cc ./Drivers/STM32F4xx_HAL_Driver/Src/stm32f4xx_hal_rcc.o
                0x0000000008006438                HAL_RCC_ClockConfig
 .text.HAL_RCC_GetSysClockFreq
                0x0000000008006604      0x18c ./Drivers/STM32F4xx_HAL_Driver/Src/stm32f4xx_hal_rcc.o
                0x0000000008006604                HAL_RCC_GetSysClockFreq
 .text.HAL_RCC_GetHCLKFreq
                0x0000000008006790       0x18 ./Drivers/STM32F4xx_HAL_Driver/Src/stm32f4xx_hal_rcc.o
                0x0000000008006790                HAL_RCC_GetHCLKFreq
 .text.HAL_RCC_GetPCLK1Freq
                0x00000000080067a8       0x28 ./Drivers/STM32F4xx_HAL_Driver/Src/stm32f4xx_hal_rcc.o
                0x00000000080067a8                HAL_RCC_GetPCLK1Freq
 .text.HAL_RCC_GetPCLK2Freq
                0x00000000080067d0       0x28 ./Drivers/STM32F4xx_HAL_Driver/Src/stm32f4xx_hal_rcc.o
                0x00000000080067d0                HAL_RCC_GetPCLK2Freq
 .text.HAL_RCC_OscConfig
                0x00000000080067f8      0x508 ./Drivers/STM32F4xx_HAL_Driver/Src/stm32f4xx_hal_rcc_ex.o
                0x00000000080067f8                HAL_RCC_OscConfig
 .text.HAL_SPI_Init
                0x0000000008006d00      0x112 ./Drivers/STM32F4xx_HAL_Driver/Src/stm32f4xx_hal_spi.o
                0x0000000008006d00                HAL_SPI_Init
 .text.HAL_UART_Init
                0x0000000008006e12       0x9a ./Drivers/STM32F4xx_HAL_Driver/Src/stm32f4xx_hal_uart.o
                0x0000000008006e12                HAL_UART_Init
 .text.UART_SetConfig
                0x0000000008006eac      0x4e8 ./Drivers/STM32F4xx_HAL_Driver/Src/stm32f4xx_hal_uart.o
 .text.__errno  0x0000000008007394        0xc c:/st/stm32cubeide_1.11.2/stm32cubeide/plugins/com.st.stm32cube.ide.mcu.externaltools.gnu-tools-for-stm32.10.3-2021.10.win32_1.0.200.202301161003/tools/bin/../lib/gcc/arm-none-eabi/10.3.1/../../../../arm-none-eabi/lib/thumb/v7e-m+fp/hard\libc_nano.a(lib_a-errno.o)
                0x0000000008007394                __errno
 .text.__libc_init_array
                0x00000000080073a0       0x48 c:/st/stm32cubeide_1.11.2/stm32cubeide/plugins/com.st.stm32cube.ide.mcu.externaltools.gnu-tools-for-stm32.10.3-2021.10.win32_1.0.200.202301161003/tools/bin/../lib/gcc/arm-none-eabi/10.3.1/../../../../arm-none-eabi/lib/thumb/v7e-m+fp/hard\libc_nano.a(lib_a-init.o)
                0x00000000080073a0                __libc_init_array
 .text.malloc   0x00000000080073e8       0x10 c:/st/stm32cubeide_1.11.2/stm32cubeide/plugins/com.st.stm32cube.ide.mcu.externaltools.gnu-tools-for-stm32.10.3-2021.10.win32_1.0.200.202301161003/tools/bin/../lib/gcc/arm-none-eabi/10.3.1/../../../../arm-none-eabi/lib/thumb/v7e-m+fp/hard\libc_nano.a(lib_a-malloc.o)
                0x00000000080073e8                malloc
 .text.free     0x00000000080073f8       0x10 c:/st/stm32cubeide_1.11.2/stm32cubeide/plugins/com.st.stm32cube.ide.mcu.externaltools.gnu-tools-for-stm32.10.3-2021.10.win32_1.0.200.202301161003/tools/bin/../lib/gcc/arm-none-eabi/10.3.1/../../../../arm-none-eabi/lib/thumb/v7e-m+fp/hard\libc_nano.a(lib_a-malloc.o)
                0x00000000080073f8                free
 .text.memcmp   0x0000000008007408       0x20 c:/st/stm32cubeide_1.11.2/stm32cubeide/plugins/com.st.stm32cube.ide.mcu.externaltools.gnu-tools-for-stm32.10.3-2021.10.win32_1.0.200.202301161003/tools/bin/../lib/gcc/arm-none-eabi/10.3.1/../../../../arm-none-eabi/lib/thumb/v7e-m+fp/hard\libc_nano.a(lib_a-memcmp.o)
                0x0000000008007408                memcmp
 .text.memcpy   0x0000000008007428       0x1c c:/st/stm32cubeide_1.11.2/stm32cubeide/plugins/com.st.stm32cube.ide.mcu.externaltools.gnu-tools-for-stm32.10.3-2021.10.win32_1.0.200.202301161003/tools/bin/../lib/gcc/arm-none-eabi/10.3.1/../../../../arm-none-eabi/lib/thumb/v7e-m+fp/hard\libc_nano.a(lib_a-memcpy-stub.o)
                0x0000000008007428                memcpy
 .text.memset   0x0000000008007444       0x10 c:/st/stm32cubeide_1.11.2/stm32cubeide/plugins/com.st.stm32cube.ide.mcu.externaltools.gnu-tools-for-stm32.10.3-2021.10.win32_1.0.200.202301161003/tools/bin/../lib/gcc/arm-none-eabi/10.3.1/../../../../arm-none-eabi/lib/thumb/v7e-m+fp/hard\libc_nano.a(lib_a-memset.o)
                0x0000000008007444                memset
 .text._free_r  0x0000000008007454       0x98 c:/st/stm32cubeide_1.11.2/stm32cubeide/plugins/com.st.stm32cube.ide.mcu.externaltools.gnu-tools-for-stm32.10.3-2021.10.win32_1.0.200.202301161003/tools/bin/../lib/gcc/arm-none-eabi/10.3.1/../../../../arm-none-eabi/lib/thumb/v7e-m+fp/hard\libc_nano.a(lib_a-nano-freer.o)
                0x0000000008007454                _free_r
 .text.sbrk_aligned
                0x00000000080074ec       0x40 c:/st/stm32cubeide_1.11.2/stm32cubeide/plugins/com.st.stm32cube.ide.mcu.externaltools.gnu-tools-for-stm32.10.3-2021.10.win32_1.0.200.202301161003/tools/bin/../lib/gcc/arm-none-eabi/10.3.1/../../../../arm-none-eabi/lib/thumb/v7e-m+fp/hard\libc_nano.a(lib_a-nano-mallocr.o)
 .text._malloc_r
                0x000000000800752c       0xe8 c:/st/stm32cubeide_1.11.2/stm32cubeide/plugins/com.st.stm32cube.ide.mcu.externaltools.gnu-tools-for-stm32.10.3-2021.10.win32_1.0.200.202301161003/tools/bin/../lib/gcc/arm-none-eabi/10.3.1/../../../../arm-none-eabi/lib/thumb/v7e-m+fp/hard\libc_nano.a(lib_a-nano-mallocr.o)
                0x000000000800752c                _malloc_r
 .text.printf   0x0000000008007614       0x30 c:/st/stm32cubeide_1.11.2/stm32cubeide/plugins/com.st.stm32cube.ide.mcu.externaltools.gnu-tools-for-stm32.10.3-2021.10.win32_1.0.200.202301161003/tools/bin/../lib/gcc/arm-none-eabi/10.3.1/../../../../arm-none-eabi/lib/thumb/v7e-m+fp/hard\libc_nano.a(lib_a-printf.o)
                0x0000000008007614                iprintf
                0x0000000008007614                printf
 .text._puts_r  0x0000000008007644       0xdc c:/st/stm32cubeide_1.11.2/stm32cubeide/plugins/com.st.stm32cube.ide.mcu.externaltools.gnu-tools-for-stm32.10.3-2021.10.win32_1.0.200.202301161003/tools/bin/../lib/gcc/arm-none-eabi/10.3.1/../../../../arm-none-eabi/lib/thumb/v7e-m+fp/hard\libc_nano.a(lib_a-puts.o)
                0x0000000008007644                _puts_r
 .text.puts     0x0000000008007720       0x10 c:/st/stm32cubeide_1.11.2/stm32cubeide/plugins/com.st.stm32cube.ide.mcu.externaltools.gnu-tools-for-stm32.10.3-2021.10.win32_1.0.200.202301161003/tools/bin/../lib/gcc/arm-none-eabi/10.3.1/../../../../arm-none-eabi/lib/thumb/v7e-m+fp/hard\libc_nano.a(lib_a-puts.o)
                0x0000000008007720                puts
 .text._sbrk_r  0x0000000008007730       0x20 c:/st/stm32cubeide_1.11.2/stm32cubeide/plugins/com.st.stm32cube.ide.mcu.externaltools.gnu-tools-for-stm32.10.3-2021.10.win32_1.0.200.202301161003/tools/bin/../lib/gcc/arm-none-eabi/10.3.1/../../../../arm-none-eabi/lib/thumb/v7e-m+fp/hard\libc_nano.a(lib_a-sbrkr.o)
                0x0000000008007730                _sbrk_r
 .text.sprintf  0x0000000008007750       0x40 c:/st/stm32cubeide_1.11.2/stm32cubeide/plugins/com.st.stm32cube.ide.mcu.externaltools.gnu-tools-for-stm32.10.3-2021.10.win32_1.0.200.202301161003/tools/bin/../lib/gcc/arm-none-eabi/10.3.1/../../../../arm-none-eabi/lib/thumb/v7e-m+fp/hard\libc_nano.a(lib_a-sprintf.o)
                0x0000000008007750                siprintf
                0x0000000008007750                sprintf
 .text.__swbuf_r
                0x0000000008007790       0xa4 c:/st/stm32cubeide_1.11.2/stm32cubeide/plugins/com.st.stm32cube.ide.mcu.externaltools.gnu-tools-for-stm32.10.3-2021.10.win32_1.0.200.202301161003/tools/bin/../lib/gcc/arm-none-eabi/10.3.1/../../../../arm-none-eabi/lib/thumb/v7e-m+fp/hard\libc_nano.a(lib_a-wbuf.o)
                0x0000000008007790                __swbuf_r
 .text.__swsetup_r
                0x0000000008007834       0xdc c:/st/stm32cubeide_1.11.2/stm32cubeide/plugins/com.st.stm32cube.ide.mcu.externaltools.gnu-tools-for-stm32.10.3-2021.10.win32_1.0.200.202301161003/tools/bin/../lib/gcc/arm-none-eabi/10.3.1/../../../../arm-none-eabi/lib/thumb/v7e-m+fp/hard\libc_nano.a(lib_a-wsetup.o)
                0x0000000008007834                __swsetup_r
 .text.__sflush_r
                0x0000000008007910      0x10c c:/st/stm32cubeide_1.11.2/stm32cubeide/plugins/com.st.stm32cube.ide.mcu.externaltools.gnu-tools-for-stm32.10.3-2021.10.win32_1.0.200.202301161003/tools/bin/../lib/gcc/arm-none-eabi/10.3.1/../../../../arm-none-eabi/lib/thumb/v7e-m+fp/hard\libc_nano.a(lib_a-fflush.o)
                0x0000000008007910                __sflush_r
 .text._fflush_r
                0x0000000008007a1c       0x78 c:/st/stm32cubeide_1.11.2/stm32cubeide/plugins/com.st.stm32cube.ide.mcu.externaltools.gnu-tools-for-stm32.10.3-2021.10.win32_1.0.200.202301161003/tools/bin/../lib/gcc/arm-none-eabi/10.3.1/../../../../arm-none-eabi/lib/thumb/v7e-m+fp/hard\libc_nano.a(lib_a-fflush.o)
                0x0000000008007a1c                _fflush_r
 .text.std      0x0000000008007a94       0x48 c:/st/stm32cubeide_1.11.2/stm32cubeide/plugins/com.st.stm32cube.ide.mcu.externaltools.gnu-tools-for-stm32.10.3-2021.10.win32_1.0.200.202301161003/tools/bin/../lib/gcc/arm-none-eabi/10.3.1/../../../../arm-none-eabi/lib/thumb/v7e-m+fp/hard\libc_nano.a(lib_a-findfp.o)
 .text._cleanup_r
                0x0000000008007adc        0xc c:/st/stm32cubeide_1.11.2/stm32cubeide/plugins/com.st.stm32cube.ide.mcu.externaltools.gnu-tools-for-stm32.10.3-2021.10.win32_1.0.200.202301161003/tools/bin/../lib/gcc/arm-none-eabi/10.3.1/../../../../arm-none-eabi/lib/thumb/v7e-m+fp/hard\libc_nano.a(lib_a-findfp.o)
                0x0000000008007adc                _cleanup_r
 .text.__sfmoreglue
                0x0000000008007ae8       0x2c c:/st/stm32cubeide_1.11.2/stm32cubeide/plugins/com.st.stm32cube.ide.mcu.externaltools.gnu-tools-for-stm32.10.3-2021.10.win32_1.0.200.202301161003/tools/bin/../lib/gcc/arm-none-eabi/10.3.1/../../../../arm-none-eabi/lib/thumb/v7e-m+fp/hard\libc_nano.a(lib_a-findfp.o)
                0x0000000008007ae8                __sfmoreglue
 .text.__sfp_lock_acquire
                0x0000000008007b14        0xc c:/st/stm32cubeide_1.11.2/stm32cubeide/plugins/com.st.stm32cube.ide.mcu.externaltools.gnu-tools-for-stm32.10.3-2021.10.win32_1.0.200.202301161003/tools/bin/../lib/gcc/arm-none-eabi/10.3.1/../../../../arm-none-eabi/lib/thumb/v7e-m+fp/hard\libc_nano.a(lib_a-findfp.o)
                0x0000000008007b14                __sfp_lock_acquire
 .text.__sfp_lock_release
                0x0000000008007b20        0xc c:/st/stm32cubeide_1.11.2/stm32cubeide/plugins/com.st.stm32cube.ide.mcu.externaltools.gnu-tools-for-stm32.10.3-2021.10.win32_1.0.200.202301161003/tools/bin/../lib/gcc/arm-none-eabi/10.3.1/../../../../arm-none-eabi/lib/thumb/v7e-m+fp/hard\libc_nano.a(lib_a-findfp.o)
                0x0000000008007b20                __sfp_lock_release
 .text.__sinit_lock_acquire
                0x0000000008007b2c        0xc c:/st/stm32cubeide_1.11.2/stm32cubeide/plugins/com.st.stm32cube.ide.mcu.externaltools.gnu-tools-for-stm32.10.3-2021.10.win32_1.0.200.202301161003/tools/bin/../lib/gcc/arm-none-eabi/10.3.1/../../../../arm-none-eabi/lib/thumb/v7e-m+fp/hard\libc_nano.a(lib_a-findfp.o)
                0x0000000008007b2c                __sinit_lock_acquire
 .text.__sinit_lock_release
                0x0000000008007b38        0xc c:/st/stm32cubeide_1.11.2/stm32cubeide/plugins/com.st.stm32cube.ide.mcu.externaltools.gnu-tools-for-stm32.10.3-2021.10.win32_1.0.200.202301161003/tools/bin/../lib/gcc/arm-none-eabi/10.3.1/../../../../arm-none-eabi/lib/thumb/v7e-m+fp/hard\libc_nano.a(lib_a-findfp.o)
                0x0000000008007b38                __sinit_lock_release
 .text.__sinit  0x0000000008007b44       0x70 c:/st/stm32cubeide_1.11.2/stm32cubeide/plugins/com.st.stm32cube.ide.mcu.externaltools.gnu-tools-for-stm32.10.3-2021.10.win32_1.0.200.202301161003/tools/bin/../lib/gcc/arm-none-eabi/10.3.1/../../../../arm-none-eabi/lib/thumb/v7e-m+fp/hard\libc_nano.a(lib_a-findfp.o)
                0x0000000008007b44                __sinit
 .text.__sfp    0x0000000008007bb4       0x8c c:/st/stm32cubeide_1.11.2/stm32cubeide/plugins/com.st.stm32cube.ide.mcu.externaltools.gnu-tools-for-stm32.10.3-2021.10.win32_1.0.200.202301161003/tools/bin/../lib/gcc/arm-none-eabi/10.3.1/../../../../arm-none-eabi/lib/thumb/v7e-m+fp/hard\libc_nano.a(lib_a-findfp.o)
                0x0000000008007bb4                __sfp
 .text._fwalk_reent
                0x0000000008007c40       0x3e c:/st/stm32cubeide_1.11.2/stm32cubeide/plugins/com.st.stm32cube.ide.mcu.externaltools.gnu-tools-for-stm32.10.3-2021.10.win32_1.0.200.202301161003/tools/bin/../lib/gcc/arm-none-eabi/10.3.1/../../../../arm-none-eabi/lib/thumb/v7e-m+fp/hard\libc_nano.a(lib_a-fwalk.o)
                0x0000000008007c40                _fwalk_reent
 .text.__retarget_lock_init_recursive
                0x0000000008007c7e        0x2 c:/st/stm32cubeide_1.11.2/stm32cubeide/plugins/com.st.stm32cube.ide.mcu.externaltools.gnu-tools-for-stm32.10.3-2021.10.win32_1.0.200.202301161003/tools/bin/../lib/gcc/arm-none-eabi/10.3.1/../../../../arm-none-eabi/lib/thumb/v7e-m+fp/hard\libc_nano.a(lib_a-lock.o)
                0x0000000008007c7e                __retarget_lock_init_recursive
 .text.__retarget_lock_acquire_recursive
                0x0000000008007c80        0x2 c:/st/stm32cubeide_1.11.2/stm32cubeide/plugins/com.st.stm32cube.ide.mcu.externaltools.gnu-tools-for-stm32.10.3-2021.10.win32_1.0.200.202301161003/tools/bin/../lib/gcc/arm-none-eabi/10.3.1/../../../../arm-none-eabi/lib/thumb/v7e-m+fp/hard\libc_nano.a(lib_a-lock.o)
                0x0000000008007c80                __retarget_lock_acquire_recursive
 .text.__retarget_lock_release_recursive
                0x0000000008007c82        0x2 c:/st/stm32cubeide_1.11.2/stm32cubeide/plugins/com.st.stm32cube.ide.mcu.externaltools.gnu-tools-for-stm32.10.3-2021.10.win32_1.0.200.202301161003/tools/bin/../lib/gcc/arm-none-eabi/10.3.1/../../../../arm-none-eabi/lib/thumb/v7e-m+fp/hard\libc_nano.a(lib_a-lock.o)
                0x0000000008007c82                __retarget_lock_release_recursive
 .text.__swhatbuf_r
                0x0000000008007c84       0x4a c:/st/stm32cubeide_1.11.2/stm32cubeide/plugins/com.st.stm32cube.ide.mcu.externaltools.gnu-tools-for-stm32.10.3-2021.10.win32_1.0.200.202301161003/tools/bin/../lib/gcc/arm-none-eabi/10.3.1/../../../../arm-none-eabi/lib/thumb/v7e-m+fp/hard\libc_nano.a(lib_a-makebuf.o)
                0x0000000008007c84                __swhatbuf_r
 *fill*         0x0000000008007cce        0x2 
 .text.__smakebuf_r
                0x0000000008007cd0       0x80 c:/st/stm32cubeide_1.11.2/stm32cubeide/plugins/com.st.stm32cube.ide.mcu.externaltools.gnu-tools-for-stm32.10.3-2021.10.win32_1.0.200.202301161003/tools/bin/../lib/gcc/arm-none-eabi/10.3.1/../../../../arm-none-eabi/lib/thumb/v7e-m+fp/hard\libc_nano.a(lib_a-makebuf.o)
                0x0000000008007cd0                __smakebuf_r
 .text.__malloc_lock
                0x0000000008007d50        0xc c:/st/stm32cubeide_1.11.2/stm32cubeide/plugins/com.st.stm32cube.ide.mcu.externaltools.gnu-tools-for-stm32.10.3-2021.10.win32_1.0.200.202301161003/tools/bin/../lib/gcc/arm-none-eabi/10.3.1/../../../../arm-none-eabi/lib/thumb/v7e-m+fp/hard\libc_nano.a(lib_a-mlock.o)
                0x0000000008007d50                __malloc_lock
 .text.__malloc_unlock
                0x0000000008007d5c        0xc c:/st/stm32cubeide_1.11.2/stm32cubeide/plugins/com.st.stm32cube.ide.mcu.externaltools.gnu-tools-for-stm32.10.3-2021.10.win32_1.0.200.202301161003/tools/bin/../lib/gcc/arm-none-eabi/10.3.1/../../../../arm-none-eabi/lib/thumb/v7e-m+fp/hard\libc_nano.a(lib_a-mlock.o)
                0x0000000008007d5c                __malloc_unlock
 .text.__ssputs_r
                0x0000000008007d68       0xb6 c:/st/stm32cubeide_1.11.2/stm32cubeide/plugins/com.st.stm32cube.ide.mcu.externaltools.gnu-tools-for-stm32.10.3-2021.10.win32_1.0.200.202301161003/tools/bin/../lib/gcc/arm-none-eabi/10.3.1/../../../../arm-none-eabi/lib/thumb/v7e-m+fp/hard\libc_nano.a(lib_a-nano-svfprintf.o)
                0x0000000008007d68                __ssputs_r
 *fill*         0x0000000008007e1e        0x2 
 .text._svfprintf_r
                0x0000000008007e20      0x200 c:/st/stm32cubeide_1.11.2/stm32cubeide/plugins/com.st.stm32cube.ide.mcu.externaltools.gnu-tools-for-stm32.10.3-2021.10.win32_1.0.200.202301161003/tools/bin/../lib/gcc/arm-none-eabi/10.3.1/../../../../arm-none-eabi/lib/thumb/v7e-m+fp/hard\libc_nano.a(lib_a-nano-svfprintf.o)
                0x0000000008007e20                _svfiprintf_r
                0x0000000008007e20                _svfprintf_r
 .text.__sfputc_r
                0x0000000008008020       0x2e c:/st/stm32cubeide_1.11.2/stm32cubeide/plugins/com.st.stm32cube.ide.mcu.externaltools.gnu-tools-for-stm32.10.3-2021.10.win32_1.0.200.202301161003/tools/bin/../lib/gcc/arm-none-eabi/10.3.1/../../../../arm-none-eabi/lib/thumb/v7e-m+fp/hard\libc_nano.a(lib_a-nano-vfprintf.o)
 .text.__sfputs_r
                0x000000000800804e       0x24 c:/st/stm32cubeide_1.11.2/stm32cubeide/plugins/com.st.stm32cube.ide.mcu.externaltools.gnu-tools-for-stm32.10.3-2021.10.win32_1.0.200.202301161003/tools/bin/../lib/gcc/arm-none-eabi/10.3.1/../../../../arm-none-eabi/lib/thumb/v7e-m+fp/hard\libc_nano.a(lib_a-nano-vfprintf.o)
                0x000000000800804e                __sfputs_r
 *fill*         0x0000000008008072        0x2 
 .text._vfprintf_r
                0x0000000008008074      0x260 c:/st/stm32cubeide_1.11.2/stm32cubeide/plugins/com.st.stm32cube.ide.mcu.externaltools.gnu-tools-for-stm32.10.3-2021.10.win32_1.0.200.202301161003/tools/bin/../lib/gcc/arm-none-eabi/10.3.1/../../../../arm-none-eabi/lib/thumb/v7e-m+fp/hard\libc_nano.a(lib_a-nano-vfprintf.o)
                0x0000000008008074                _vfprintf_r
                0x0000000008008074                _vfiprintf_r
 .text._printf_common
                0x00000000080082d4       0xda c:/st/stm32cubeide_1.11.2/stm32cubeide/plugins/com.st.stm32cube.ide.mcu.externaltools.gnu-tools-for-stm32.10.3-2021.10.win32_1.0.200.202301161003/tools/bin/../lib/gcc/arm-none-eabi/10.3.1/../../../../arm-none-eabi/lib/thumb/v7e-m+fp/hard\libc_nano.a(lib_a-nano-vfprintf_i.o)
                0x00000000080082d4                _printf_common
 *fill*         0x00000000080083ae        0x2 
 .text._printf_i
                0x00000000080083b0      0x24c c:/st/stm32cubeide_1.11.2/stm32cubeide/plugins/com.st.stm32cube.ide.mcu.externaltools.gnu-tools-for-stm32.10.3-2021.10.win32_1.0.200.202301161003/tools/bin/../lib/gcc/arm-none-eabi/10.3.1/../../../../arm-none-eabi/lib/thumb/v7e-m+fp/hard\libc_nano.a(lib_a-nano-vfprintf_i.o)
                0x00000000080083b0                _printf_i
 .text.__sread  0x00000000080085fc       0x22 c:/st/stm32cubeide_1.11.2/stm32cubeide/plugins/com.st.stm32cube.ide.mcu.externaltools.gnu-tools-for-stm32.10.3-2021.10.win32_1.0.200.202301161003/tools/bin/../lib/gcc/arm-none-eabi/10.3.1/../../../../arm-none-eabi/lib/thumb/v7e-m+fp/hard\libc_nano.a(lib_a-stdio.o)
                0x00000000080085fc                __sread
 .text.__swrite
                0x000000000800861e       0x38 c:/st/stm32cubeide_1.11.2/stm32cubeide/plugins/com.st.stm32cube.ide.mcu.externaltools.gnu-tools-for-stm32.10.3-2021.10.win32_1.0.200.202301161003/tools/bin/../lib/gcc/arm-none-eabi/10.3.1/../../../../arm-none-eabi/lib/thumb/v7e-m+fp/hard\libc_nano.a(lib_a-stdio.o)
                0x000000000800861e                __swrite
 .text.__sseek  0x0000000008008656       0x24 c:/st/stm32cubeide_1.11.2/stm32cubeide/plugins/com.st.stm32cube.ide.mcu.externaltools.gnu-tools-for-stm32.10.3-2021.10.win32_1.0.200.202301161003/tools/bin/../lib/gcc/arm-none-eabi/10.3.1/../../../../arm-none-eabi/lib/thumb/v7e-m+fp/hard\libc_nano.a(lib_a-stdio.o)
                0x0000000008008656                __sseek
 .text.__sclose
                0x000000000800867a        0x8 c:/st/stm32cubeide_1.11.2/stm32cubeide/plugins/com.st.stm32cube.ide.mcu.externaltools.gnu-tools-for-stm32.10.3-2021.10.win32_1.0.200.202301161003/tools/bin/../lib/gcc/arm-none-eabi/10.3.1/../../../../arm-none-eabi/lib/thumb/v7e-m+fp/hard\libc_nano.a(lib_a-stdio.o)
                0x000000000800867a                __sclose
 *fill*         0x0000000008008682        0x2 
 .text._write_r
                0x0000000008008684       0x24 c:/st/stm32cubeide_1.11.2/stm32cubeide/plugins/com.st.stm32cube.ide.mcu.externaltools.gnu-tools-for-stm32.10.3-2021.10.win32_1.0.200.202301161003/tools/bin/../lib/gcc/arm-none-eabi/10.3.1/../../../../arm-none-eabi/lib/thumb/v7e-m+fp/hard\libc_nano.a(lib_a-writer.o)
                0x0000000008008684                _write_r
 .text._close_r
                0x00000000080086a8       0x20 c:/st/stm32cubeide_1.11.2/stm32cubeide/plugins/com.st.stm32cube.ide.mcu.externaltools.gnu-tools-for-stm32.10.3-2021.10.win32_1.0.200.202301161003/tools/bin/../lib/gcc/arm-none-eabi/10.3.1/../../../../arm-none-eabi/lib/thumb/v7e-m+fp/hard\libc_nano.a(lib_a-closer.o)
                0x00000000080086a8                _close_r
 .text._fstat_r
                0x00000000080086c8       0x24 c:/st/stm32cubeide_1.11.2/stm32cubeide/plugins/com.st.stm32cube.ide.mcu.externaltools.gnu-tools-for-stm32.10.3-2021.10.win32_1.0.200.202301161003/tools/bin/../lib/gcc/arm-none-eabi/10.3.1/../../../../arm-none-eabi/lib/thumb/v7e-m+fp/hard\libc_nano.a(lib_a-fstatr.o)
                0x00000000080086c8                _fstat_r
 .text._isatty_r
                0x00000000080086ec       0x20 c:/st/stm32cubeide_1.11.2/stm32cubeide/plugins/com.st.stm32cube.ide.mcu.externaltools.gnu-tools-for-stm32.10.3-2021.10.win32_1.0.200.202301161003/tools/bin/../lib/gcc/arm-none-eabi/10.3.1/../../../../arm-none-eabi/lib/thumb/v7e-m+fp/hard\libc_nano.a(lib_a-isattyr.o)
                0x00000000080086ec                _isatty_r
 .text._lseek_r
                0x000000000800870c       0x24 c:/st/stm32cubeide_1.11.2/stm32cubeide/plugins/com.st.stm32cube.ide.mcu.externaltools.gnu-tools-for-stm32.10.3-2021.10.win32_1.0.200.202301161003/tools/bin/../lib/gcc/arm-none-eabi/10.3.1/../../../../arm-none-eabi/lib/thumb/v7e-m+fp/hard\libc_nano.a(lib_a-lseekr.o)
                0x000000000800870c                _lseek_r
 .text.memmove  0x0000000008008730       0x34 c:/st/stm32cubeide_1.11.2/stm32cubeide/plugins/com.st.stm32cube.ide.mcu.externaltools.gnu-tools-for-stm32.10.3-2021.10.win32_1.0.200.202301161003/tools/bin/../lib/gcc/arm-none-eabi/10.3.1/../../../../arm-none-eabi/lib/thumb/v7e-m+fp/hard\libc_nano.a(lib_a-memmove.o)
                0x0000000008008730                memmove
 .text._realloc_r
                0x0000000008008764       0x5e c:/st/stm32cubeide_1.11.2/stm32cubeide/plugins/com.st.stm32cube.ide.mcu.externaltools.gnu-tools-for-stm32.10.3-2021.10.win32_1.0.200.202301161003/tools/bin/../lib/gcc/arm-none-eabi/10.3.1/../../../../arm-none-eabi/lib/thumb/v7e-m+fp/hard\libc_nano.a(lib_a-nano-reallocr.o)
                0x0000000008008764                _realloc_r
 *fill*         0x00000000080087c2        0x2 
 .text._read_r  0x00000000080087c4       0x24 c:/st/stm32cubeide_1.11.2/stm32cubeide/plugins/com.st.stm32cube.ide.mcu.externaltools.gnu-tools-for-stm32.10.3-2021.10.win32_1.0.200.202301161003/tools/bin/../lib/gcc/arm-none-eabi/10.3.1/../../../../arm-none-eabi/lib/thumb/v7e-m+fp/hard\libc_nano.a(lib_a-readr.o)
                0x00000000080087c4                _read_r
 .text._malloc_usable_size_r
                0x00000000080087e8       0x10 c:/st/stm32cubeide_1.11.2/stm32cubeide/plugins/com.st.stm32cube.ide.mcu.externaltools.gnu-tools-for-stm32.10.3-2021.10.win32_1.0.200.202301161003/tools/bin/../lib/gcc/arm-none-eabi/10.3.1/../../../../arm-none-eabi/lib/thumb/v7e-m+fp/hard\libc_nano.a(lib_a-nano-msizer.o)
                0x00000000080087e8                _malloc_usable_size_r
 *(.glue_7)
 .glue_7        0x00000000080087f8        0x0 linker stubs
 *(.glue_7t)
 .glue_7t       0x00000000080087f8        0x0 linker stubs
 *(.eh_frame)
 .eh_frame      0x00000000080087f8        0x0 c:/st/stm32cubeide_1.11.2/stm32cubeide/plugins/com.st.stm32cube.ide.mcu.externaltools.gnu-tools-for-stm32.10.3-2021.10.win32_1.0.200.202301161003/tools/bin/../lib/gcc/arm-none-eabi/10.3.1/thumb/v7e-m+fp/hard/crtbegin.o
 *(.init)
 .init          0x00000000080087f8        0x4 c:/st/stm32cubeide_1.11.2/stm32cubeide/plugins/com.st.stm32cube.ide.mcu.externaltools.gnu-tools-for-stm32.10.3-2021.10.win32_1.0.200.202301161003/tools/bin/../lib/gcc/arm-none-eabi/10.3.1/thumb/v7e-m+fp/hard/crti.o
                0x00000000080087f8                _init
 .init          0x00000000080087fc        0x8 c:/st/stm32cubeide_1.11.2/stm32cubeide/plugins/com.st.stm32cube.ide.mcu.externaltools.gnu-tools-for-stm32.10.3-2021.10.win32_1.0.200.202301161003/tools/bin/../lib/gcc/arm-none-eabi/10.3.1/thumb/v7e-m+fp/hard/crtn.o
 *(.fini)
 .fini          0x0000000008008804        0x4 c:/st/stm32cubeide_1.11.2/stm32cubeide/plugins/com.st.stm32cube.ide.mcu.externaltools.gnu-tools-for-stm32.10.3-2021.10.win32_1.0.200.202301161003/tools/bin/../lib/gcc/arm-none-eabi/10.3.1/thumb/v7e-m+fp/hard/crti.o
                0x0000000008008804                _fini
 .fini          0x0000000008008808        0x8 c:/st/stm32cubeide_1.11.2/stm32cubeide/plugins/com.st.stm32cube.ide.mcu.externaltools.gnu-tools-for-stm32.10.3-2021.10.win32_1.0.200.202301161003/tools/bin/../lib/gcc/arm-none-eabi/10.3.1/thumb/v7e-m+fp/hard/crtn.o
                0x0000000008008810                . = ALIGN (0x4)
                0x0000000008008810                _etext = .

.vfp11_veneer   0x0000000008008810        0x0
 .vfp11_veneer  0x0000000008008810        0x0 linker stubs

.v4_bx          0x0000000008008810        0x0
 .v4_bx         0x0000000008008810        0x0 linker stubs

.iplt           0x0000000008008810        0x0
 .iplt          0x0000000008008810        0x0 c:/st/stm32cubeide_1.11.2/stm32cubeide/plugins/com.st.stm32cube.ide.mcu.externaltools.gnu-tools-for-stm32.10.3-2021.10.win32_1.0.200.202301161003/tools/bin/../lib/gcc/arm-none-eabi/10.3.1/thumb/v7e-m+fp/hard/crtbegin.o

.rodata         0x0000000008008810      0x498
                0x0000000008008810                . = ALIGN (0x4)
 *(.rodata)
 .rodata        0x0000000008008810       0x23 ./Core/Src/LT768_Lib.o
 *fill*         0x0000000008008833        0x1 
 .rodata        0x0000000008008834       0x49 ./Core/Src/main.o
 *fill*         0x000000000800887d        0x3 
 .rodata        0x0000000008008880      0x363 ./Core/Src/touch_gtxxxx.o
 *(.rodata*)
 *fill*         0x0000000008008be3        0x1 
 .rodata.AHBPrescTable
                0x0000000008008be4       0x10 ./Core/Src/system_stm32f4xx.o
                0x0000000008008be4                AHBPrescTable
 .rodata.APBPrescTable
                0x0000000008008bf4        0x8 ./Core/Src/system_stm32f4xx.o
                0x0000000008008bf4                APBPrescTable
 .rodata.touch_param
                0x0000000008008bfc       0x12 ./Core/Src/touch_gtxxxx.o
                0x0000000008008bfc                touch_param
 *fill*         0x0000000008008c0e        0x2 
 .rodata._global_impure_ptr
                0x0000000008008c10        0x4 c:/st/stm32cubeide_1.11.2/stm32cubeide/plugins/com.st.stm32cube.ide.mcu.externaltools.gnu-tools-for-stm32.10.3-2021.10.win32_1.0.200.202301161003/tools/bin/../lib/gcc/arm-none-eabi/10.3.1/../../../../arm-none-eabi/lib/thumb/v7e-m+fp/hard\libc_nano.a(lib_a-impure.o)
                0x0000000008008c10                _global_impure_ptr
 .rodata.__sf_fake_stderr
                0x0000000008008c14       0x20 c:/st/stm32cubeide_1.11.2/stm32cubeide/plugins/com.st.stm32cube.ide.mcu.externaltools.gnu-tools-for-stm32.10.3-2021.10.win32_1.0.200.202301161003/tools/bin/../lib/gcc/arm-none-eabi/10.3.1/../../../../arm-none-eabi/lib/thumb/v7e-m+fp/hard\libc_nano.a(lib_a-findfp.o)
                0x0000000008008c14                __sf_fake_stderr
 .rodata.__sf_fake_stdin
                0x0000000008008c34       0x20 c:/st/stm32cubeide_1.11.2/stm32cubeide/plugins/com.st.stm32cube.ide.mcu.externaltools.gnu-tools-for-stm32.10.3-2021.10.win32_1.0.200.202301161003/tools/bin/../lib/gcc/arm-none-eabi/10.3.1/../../../../arm-none-eabi/lib/thumb/v7e-m+fp/hard\libc_nano.a(lib_a-findfp.o)
                0x0000000008008c34                __sf_fake_stdin
 .rodata.__sf_fake_stdout
                0x0000000008008c54       0x20 c:/st/stm32cubeide_1.11.2/stm32cubeide/plugins/com.st.stm32cube.ide.mcu.externaltools.gnu-tools-for-stm32.10.3-2021.10.win32_1.0.200.202301161003/tools/bin/../lib/gcc/arm-none-eabi/10.3.1/../../../../arm-none-eabi/lib/thumb/v7e-m+fp/hard\libc_nano.a(lib_a-findfp.o)
                0x0000000008008c54                __sf_fake_stdout
 .rodata._svfprintf_r.str1.1
                0x0000000008008c74       0x11 c:/st/stm32cubeide_1.11.2/stm32cubeide/plugins/com.st.stm32cube.ide.mcu.externaltools.gnu-tools-for-stm32.10.3-2021.10.win32_1.0.200.202301161003/tools/bin/../lib/gcc/arm-none-eabi/10.3.1/../../../../arm-none-eabi/lib/thumb/v7e-m+fp/hard\libc_nano.a(lib_a-nano-svfprintf.o)
 .rodata._vfprintf_r.str1.1
                0x0000000008008c85       0x11 c:/st/stm32cubeide_1.11.2/stm32cubeide/plugins/com.st.stm32cube.ide.mcu.externaltools.gnu-tools-for-stm32.10.3-2021.10.win32_1.0.200.202301161003/tools/bin/../lib/gcc/arm-none-eabi/10.3.1/../../../../arm-none-eabi/lib/thumb/v7e-m+fp/hard\libc_nano.a(lib_a-nano-vfprintf.o)
 .rodata._printf_i.str1.1
                0x0000000008008c85       0x22 c:/st/stm32cubeide_1.11.2/stm32cubeide/plugins/com.st.stm32cube.ide.mcu.externaltools.gnu-tools-for-stm32.10.3-2021.10.win32_1.0.200.202301161003/tools/bin/../lib/gcc/arm-none-eabi/10.3.1/../../../../arm-none-eabi/lib/thumb/v7e-m+fp/hard\libc_nano.a(lib_a-nano-vfprintf_i.o)
                0x0000000008008ca8                . = ALIGN (0x4)
 *fill*         0x0000000008008ca7        0x1 

.ARM.extab      0x0000000008008ca8        0x0
                0x0000000008008ca8                . = ALIGN (0x4)
 *(.ARM.extab* .gnu.linkonce.armextab.*)
                0x0000000008008ca8                . = ALIGN (0x4)

.ARM            0x0000000008008ca8        0x8
                0x0000000008008ca8                . = ALIGN (0x4)
                0x0000000008008ca8                __exidx_start = .
 *(.ARM.exidx*)
 .ARM.exidx     0x0000000008008ca8        0x8 c:/st/stm32cubeide_1.11.2/stm32cubeide/plugins/com.st.stm32cube.ide.mcu.externaltools.gnu-tools-for-stm32.10.3-2021.10.win32_1.0.200.202301161003/tools/bin/../lib/gcc/arm-none-eabi/10.3.1/thumb/v7e-m+fp/hard\libgcc.a(_udivmoddi4.o)
                0x0000000008008cb0                __exidx_end = .
                0x0000000008008cb0                . = ALIGN (0x4)

.rel.dyn        0x0000000008008cb0        0x0
 .rel.iplt      0x0000000008008cb0        0x0 c:/st/stm32cubeide_1.11.2/stm32cubeide/plugins/com.st.stm32cube.ide.mcu.externaltools.gnu-tools-for-stm32.10.3-2021.10.win32_1.0.200.202301161003/tools/bin/../lib/gcc/arm-none-eabi/10.3.1/thumb/v7e-m+fp/hard/crtbegin.o

.preinit_array  0x0000000008008cb0        0x0
                0x0000000008008cb0                . = ALIGN (0x4)
                0x0000000008008cb0                PROVIDE (__preinit_array_start = .)
 *(.preinit_array*)
                0x0000000008008cb0                PROVIDE (__preinit_array_end = .)
                0x0000000008008cb0                . = ALIGN (0x4)

.init_array     0x0000000008008cb0        0x4
                0x0000000008008cb0                . = ALIGN (0x4)
                0x0000000008008cb0                PROVIDE (__init_array_start = .)
 *(SORT_BY_NAME(.init_array.*))
 *(.init_array*)
 .init_array    0x0000000008008cb0        0x4 c:/st/stm32cubeide_1.11.2/stm32cubeide/plugins/com.st.stm32cube.ide.mcu.externaltools.gnu-tools-for-stm32.10.3-2021.10.win32_1.0.200.202301161003/tools/bin/../lib/gcc/arm-none-eabi/10.3.1/thumb/v7e-m+fp/hard/crtbegin.o
                0x0000000008008cb4                PROVIDE (__init_array_end = .)
                0x0000000008008cb4                . = ALIGN (0x4)

.fini_array     0x0000000008008cb4        0x4
                0x0000000008008cb4                . = ALIGN (0x4)
                [!provide]                        PROVIDE (__fini_array_start = .)
 *(SORT_BY_NAME(.fini_array.*))
 *(.fini_array*)
 .fini_array    0x0000000008008cb4        0x4 c:/st/stm32cubeide_1.11.2/stm32cubeide/plugins/com.st.stm32cube.ide.mcu.externaltools.gnu-tools-for-stm32.10.3-2021.10.win32_1.0.200.202301161003/tools/bin/../lib/gcc/arm-none-eabi/10.3.1/thumb/v7e-m+fp/hard/crtbegin.o
                [!provide]                        PROVIDE (__fini_array_end = .)
                0x0000000008008cb8                . = ALIGN (0x4)
                0x0000000008008cb8                _sidata = LOADADDR (.data)

.data           0x0000000020000000      0x2fc load address 0x0000000008008cb8
                0x0000000020000000                . = ALIGN (0x4)
                0x0000000020000000                _sdata = .
 *(.data)
 *(.data*)
 .data.PwmControl
                0x0000000020000000        0x1 ./Core/Src/LT768_Lib.o
                0x0000000020000000                PwmControl
 *fill*         0x0000000020000001        0x1 
 .data.widgetDelay
                0x0000000020000002        0x2 ./Core/Src/main.o
                0x0000000020000002                widgetDelay
 .data.stored_password
                0x0000000020000004        0x5 ./Core/Src/main.o
                0x0000000020000004                stored_password
 *fill*         0x0000000020000009        0x1 
 .data.numx     0x000000002000000a        0x2 ./Core/Src/main.o
                0x000000002000000a                numx
 .data.numy     0x000000002000000c        0x2 ./Core/Src/main.o
                0x000000002000000c                numy
 *fill*         0x000000002000000e        0x2 
 .data.SystemCoreClock
                0x0000000020000010        0x4 ./Core/Src/system_stm32f4xx.o
                0x0000000020000010                SystemCoreClock
 .data.touchIC  0x0000000020000014        0x1 ./Core/Src/touch_gtxxxx.o
                0x0000000020000014                touchIC
 *fill*         0x0000000020000015        0x3 
 .data.CTP_CFG_GT9157
                0x0000000020000018       0xba ./Core/Src/touch_gtxxxx.o
                0x0000000020000018                CTP_CFG_GT9157
 *fill*         0x00000000200000d2        0x2 
 .data.CTP_CFG_GT911
                0x00000000200000d4       0xba ./Core/Src/touch_gtxxxx.o
                0x00000000200000d4                CTP_CFG_GT911
 *fill*         0x000000002000018e        0x2 
 .data.CTP_CFG_GT5688
                0x0000000020000190       0xef ./Core/Src/touch_gtxxxx.o
                0x0000000020000190                CTP_CFG_GT5688
 *fill*         0x000000002000027f        0x1 
 .data.pre_x    0x0000000020000280        0x2 ./Core/Src/touch_gtxxxx.o
 .data.pre_y    0x0000000020000282        0x2 ./Core/Src/touch_gtxxxx.o
 .data.bef_x.2  0x0000000020000284        0x4 ./Core/Src/touch_gtxxxx.o
 .data.bef_y.1  0x0000000020000288        0x4 ./Core/Src/touch_gtxxxx.o
 .data.Exti_EN  0x000000002000028c        0x1 ./Core/Src/touch_gtxxxx_bsp.o
                0x000000002000028c                Exti_EN
 *fill*         0x000000002000028d        0x3 
 .data.uwTickPrio
                0x0000000020000290        0x4 ./Drivers/STM32F4xx_HAL_Driver/Src/stm32f4xx_hal.o
                0x0000000020000290                uwTickPrio
 .data.uwTickFreq
                0x0000000020000294        0x1 ./Drivers/STM32F4xx_HAL_Driver/Src/stm32f4xx_hal.o
                0x0000000020000294                uwTickFreq
 *fill*         0x0000000020000295        0x3 
 .data._impure_ptr
                0x0000000020000298        0x4 c:/st/stm32cubeide_1.11.2/stm32cubeide/plugins/com.st.stm32cube.ide.mcu.externaltools.gnu-tools-for-stm32.10.3-2021.10.win32_1.0.200.202301161003/tools/bin/../lib/gcc/arm-none-eabi/10.3.1/../../../../arm-none-eabi/lib/thumb/v7e-m+fp/hard\libc_nano.a(lib_a-impure.o)
                0x0000000020000298                _impure_ptr
 .data.impure_data
                0x000000002000029c       0x60 c:/st/stm32cubeide_1.11.2/stm32cubeide/plugins/com.st.stm32cube.ide.mcu.externaltools.gnu-tools-for-stm32.10.3-2021.10.win32_1.0.200.202301161003/tools/bin/../lib/gcc/arm-none-eabi/10.3.1/../../../../arm-none-eabi/lib/thumb/v7e-m+fp/hard\libc_nano.a(lib_a-impure.o)
 *(.RamFunc)
 *(.RamFunc*)
                0x00000000200002fc                . = ALIGN (0x4)
                0x00000000200002fc                _edata = .

.igot.plt       0x00000000200002fc        0x0 load address 0x0000000008008fb4
 .igot.plt      0x00000000200002fc        0x0 c:/st/stm32cubeide_1.11.2/stm32cubeide/plugins/com.st.stm32cube.ide.mcu.externaltools.gnu-tools-for-stm32.10.3-2021.10.win32_1.0.200.202301161003/tools/bin/../lib/gcc/arm-none-eabi/10.3.1/thumb/v7e-m+fp/hard/crtbegin.o
                0x00000000200002fc                . = ALIGN (0x4)

.bss            0x00000000200002fc      0x15c load address 0x0000000008008fb4
                0x00000000200002fc                _sbss = .
                0x00000000200002fc                __bss_start__ = _sbss
 *(.bss)
 .bss           0x00000000200002fc       0x1c c:/st/stm32cubeide_1.11.2/stm32cubeide/plugins/com.st.stm32cube.ide.mcu.externaltools.gnu-tools-for-stm32.10.3-2021.10.win32_1.0.200.202301161003/tools/bin/../lib/gcc/arm-none-eabi/10.3.1/thumb/v7e-m+fp/hard/crtbegin.o
 *(.bss*)
 .bss.CCLK      0x0000000020000318        0x1 ./Core/Src/LT768_Lib.o
                0x0000000020000318                CCLK
 .bss.MCLK      0x0000000020000319        0x1 ./Core/Src/LT768_Lib.o
                0x0000000020000319                MCLK
 .bss.SCLK      0x000000002000031a        0x1 ./Core/Src/LT768_Lib.o
                0x000000002000031a                SCLK
 *fill*         0x000000002000031b        0x1 
 .bss.hi2c3     0x000000002000031c       0x54 ./Core/Src/i2c.o
                0x000000002000031c                hi2c3
 .bss.numToString
                0x0000000020000370        0x1 ./Core/Src/main.o
                0x0000000020000370                numToString
 *fill*         0x0000000020000371        0x3 
 .bss.password  0x0000000020000374        0x5 ./Core/Src/main.o
                0x0000000020000374                password
 *fill*         0x0000000020000379        0x1 
 .bss.xStart    0x000000002000037a        0x2 ./Core/Src/main.o
                0x000000002000037a                xStart
 .bss.yStart    0x000000002000037c        0x2 ./Core/Src/main.o
                0x000000002000037c                yStart
 .bss.x_jump    0x000000002000037e        0x2 ./Core/Src/main.o
                0x000000002000037e                x_jump
 .bss.y_jump    0x0000000020000380        0x2 ./Core/Src/main.o
                0x0000000020000380                y_jump
 .bss.password_length
                0x0000000020000382        0x1 ./Core/Src/main.o
                0x0000000020000382                password_length
 *fill*         0x0000000020000383        0x1 
 .bss.passwordStart
                0x0000000020000384        0x2 ./Core/Src/main.o
                0x0000000020000384                passwordStart
 .bss.passRemoveRegion
                0x0000000020000386        0x2 ./Core/Src/main.o
                0x0000000020000386                passRemoveRegion
 .bss.clearDigitScreen_x1
                0x0000000020000388        0x2 ./Core/Src/main.o
                0x0000000020000388                clearDigitScreen_x1
 .bss.clearDigitScreen_x2
                0x000000002000038a        0x2 ./Core/Src/main.o
                0x000000002000038a                clearDigitScreen_x2
 .bss.rawDigitStart
                0x000000002000038c        0x2 ./Core/Src/main.o
                0x000000002000038c                rawDigitStart
 *fill*         0x000000002000038e        0x2 
 .bss.hspi1     0x0000000020000390       0x58 ./Core/Src/spi.o
                0x0000000020000390                hspi1
 .bss.__sbrk_heap_end
                0x00000000200003e8        0x4 ./Core/Src/sysmem.o
 .bss.point     0x00000000200003ec        0xc ./Core/Src/touch_gtxxxx.o
                0x00000000200003ec                point
 .bss.IsTouch.0
                0x00000000200003f8        0x1 ./Core/Src/touch_gtxxxx.o
 *fill*         0x00000000200003f9        0x1 
 .bss.ctX       0x00000000200003fa        0x2 ./Core/Src/touch_gtxxxx_bsp.o
 .bss.ctY       0x00000000200003fc        0x2 ./Core/Src/touch_gtxxxx_bsp.o
 .bss.ctPress   0x00000000200003fe        0x1 ./Core/Src/touch_gtxxxx_bsp.o
 *fill*         0x00000000200003ff        0x1 
 .bss.huart1    0x0000000020000400       0x44 ./Core/Src/usart.o
                0x0000000020000400                huart1
 .bss.uwTick    0x0000000020000444        0x4 ./Drivers/STM32F4xx_HAL_Driver/Src/stm32f4xx_hal.o
                0x0000000020000444                uwTick
 .bss.__malloc_free_list
                0x0000000020000448        0x4 c:/st/stm32cubeide_1.11.2/stm32cubeide/plugins/com.st.stm32cube.ide.mcu.externaltools.gnu-tools-for-stm32.10.3-2021.10.win32_1.0.200.202301161003/tools/bin/../lib/gcc/arm-none-eabi/10.3.1/../../../../arm-none-eabi/lib/thumb/v7e-m+fp/hard\libc_nano.a(lib_a-nano-mallocr.o)
                0x0000000020000448                __malloc_free_list
 .bss.__malloc_sbrk_start
                0x000000002000044c        0x4 c:/st/stm32cubeide_1.11.2/stm32cubeide/plugins/com.st.stm32cube.ide.mcu.externaltools.gnu-tools-for-stm32.10.3-2021.10.win32_1.0.200.202301161003/tools/bin/../lib/gcc/arm-none-eabi/10.3.1/../../../../arm-none-eabi/lib/thumb/v7e-m+fp/hard\libc_nano.a(lib_a-nano-mallocr.o)
                0x000000002000044c                __malloc_sbrk_start
 .bss.__lock___malloc_recursive_mutex
                0x0000000020000450        0x1 c:/st/stm32cubeide_1.11.2/stm32cubeide/plugins/com.st.stm32cube.ide.mcu.externaltools.gnu-tools-for-stm32.10.3-2021.10.win32_1.0.200.202301161003/tools/bin/../lib/gcc/arm-none-eabi/10.3.1/../../../../arm-none-eabi/lib/thumb/v7e-m+fp/hard\libc_nano.a(lib_a-lock.o)
                0x0000000020000450                __lock___malloc_recursive_mutex
 .bss.__lock___sfp_recursive_mutex
                0x0000000020000451        0x1 c:/st/stm32cubeide_1.11.2/stm32cubeide/plugins/com.st.stm32cube.ide.mcu.externaltools.gnu-tools-for-stm32.10.3-2021.10.win32_1.0.200.202301161003/tools/bin/../lib/gcc/arm-none-eabi/10.3.1/../../../../arm-none-eabi/lib/thumb/v7e-m+fp/hard\libc_nano.a(lib_a-lock.o)
                0x0000000020000451                __lock___sfp_recursive_mutex
 .bss.__lock___sinit_recursive_mutex
                0x0000000020000452        0x1 c:/st/stm32cubeide_1.11.2/stm32cubeide/plugins/com.st.stm32cube.ide.mcu.externaltools.gnu-tools-for-stm32.10.3-2021.10.win32_1.0.200.202301161003/tools/bin/../lib/gcc/arm-none-eabi/10.3.1/../../../../arm-none-eabi/lib/thumb/v7e-m+fp/hard\libc_nano.a(lib_a-lock.o)
                0x0000000020000452                __lock___sinit_recursive_mutex
 *fill*         0x0000000020000453        0x1 
 .bss.errno     0x0000000020000454        0x4 c:/st/stm32cubeide_1.11.2/stm32cubeide/plugins/com.st.stm32cube.ide.mcu.externaltools.gnu-tools-for-stm32.10.3-2021.10.win32_1.0.200.202301161003/tools/bin/../lib/gcc/arm-none-eabi/10.3.1/../../../../arm-none-eabi/lib/thumb/v7e-m+fp/hard\libc_nano.a(lib_a-reent.o)
                0x0000000020000454                errno
 *(COMMON)
                0x0000000020000458                . = ALIGN (0x4)
                0x0000000020000458                _ebss = .
                0x0000000020000458                __bss_end__ = _ebss

._user_heap_stack
                0x0000000020000458      0x600 load address 0x0000000008008fb4
                0x0000000020000458                . = ALIGN (0x8)
                [!provide]                        PROVIDE (end = .)
                0x0000000020000458                PROVIDE (_end = .)
                0x0000000020000658                . = (. + _Min_Heap_Size)
 *fill*         0x0000000020000458      0x200 
                0x0000000020000a58                . = (. + _Min_Stack_Size)
 *fill*         0x0000000020000658      0x400 
                0x0000000020000a58                . = ALIGN (0x8)

/DISCARD/
 libc.a(*)
 libm.a(*)
 libgcc.a(*)

.ARM.attributes
                0x0000000000000000       0x30
 *(.ARM.attributes)
 .ARM.attributes
                0x0000000000000000       0x1e c:/st/stm32cubeide_1.11.2/stm32cubeide/plugins/com.st.stm32cube.ide.mcu.externaltools.gnu-tools-for-stm32.10.3-2021.10.win32_1.0.200.202301161003/tools/bin/../lib/gcc/arm-none-eabi/10.3.1/thumb/v7e-m+fp/hard/crti.o
 .ARM.attributes
                0x000000000000001e       0x34 c:/st/stm32cubeide_1.11.2/stm32cubeide/plugins/com.st.stm32cube.ide.mcu.externaltools.gnu-tools-for-stm32.10.3-2021.10.win32_1.0.200.202301161003/tools/bin/../lib/gcc/arm-none-eabi/10.3.1/thumb/v7e-m+fp/hard/crtbegin.o
 .ARM.attributes
                0x0000000000000052       0x34 ./Core/Src/LT768.o
 .ARM.attributes
                0x0000000000000086       0x34 ./Core/Src/LT768_Lib.o
 .ARM.attributes
                0x00000000000000ba       0x34 ./Core/Src/gpio.o
 .ARM.attributes
                0x00000000000000ee       0x34 ./Core/Src/i2c.o
 .ARM.attributes
                0x0000000000000122       0x34 ./Core/Src/if_port.o
 .ARM.attributes
                0x0000000000000156       0x34 ./Core/Src/main.o
 .ARM.attributes
                0x000000000000018a       0x34 ./Core/Src/spi.o
 .ARM.attributes
                0x00000000000001be       0x34 ./Core/Src/stm32f4xx_hal_msp.o
 .ARM.attributes
                0x00000000000001f2       0x34 ./Core/Src/stm32f4xx_it.o
 .ARM.attributes
                0x0000000000000226       0x34 ./Core/Src/syscalls.o
 .ARM.attributes
                0x000000000000025a       0x34 ./Core/Src/sysmem.o
 .ARM.attributes
                0x000000000000028e       0x34 ./Core/Src/system_stm32f4xx.o
 .ARM.attributes
                0x00000000000002c2       0x34 ./Core/Src/touch_gtxxxx.o
 .ARM.attributes
                0x00000000000002f6       0x34 ./Core/Src/touch_gtxxxx_bsp.o
 .ARM.attributes
                0x000000000000032a       0x34 ./Core/Src/usart.o
 .ARM.attributes
                0x000000000000035e       0x21 ./Core/Startup/startup_stm32f412vgtx.o
 .ARM.attributes
                0x000000000000037f       0x34 ./Drivers/STM32F4xx_HAL_Driver/Src/stm32f4xx_hal.o
 .ARM.attributes
                0x00000000000003b3       0x34 ./Drivers/STM32F4xx_HAL_Driver/Src/stm32f4xx_hal_cortex.o
 .ARM.attributes
                0x00000000000003e7       0x34 ./Drivers/STM32F4xx_HAL_Driver/Src/stm32f4xx_hal_gpio.o
 .ARM.attributes
                0x000000000000041b       0x34 ./Drivers/STM32F4xx_HAL_Driver/Src/stm32f4xx_hal_i2c.o
 .ARM.attributes
                0x000000000000044f       0x34 ./Drivers/STM32F4xx_HAL_Driver/Src/stm32f4xx_hal_rcc.o
 .ARM.attributes
                0x0000000000000483       0x34 ./Drivers/STM32F4xx_HAL_Driver/Src/stm32f4xx_hal_rcc_ex.o
 .ARM.attributes
                0x00000000000004b7       0x34 ./Drivers/STM32F4xx_HAL_Driver/Src/stm32f4xx_hal_spi.o
 .ARM.attributes
                0x00000000000004eb       0x34 ./Drivers/STM32F4xx_HAL_Driver/Src/stm32f4xx_hal_uart.o
 .ARM.attributes
                0x000000000000051f       0x34 c:/st/stm32cubeide_1.11.2/stm32cubeide/plugins/com.st.stm32cube.ide.mcu.externaltools.gnu-tools-for-stm32.10.3-2021.10.win32_1.0.200.202301161003/tools/bin/../lib/gcc/arm-none-eabi/10.3.1/../../../../arm-none-eabi/lib/thumb/v7e-m+fp/hard\libc_nano.a(lib_a-errno.o)
 .ARM.attributes
                0x0000000000000553       0x34 c:/st/stm32cubeide_1.11.2/stm32cubeide/plugins/com.st.stm32cube.ide.mcu.externaltools.gnu-tools-for-stm32.10.3-2021.10.win32_1.0.200.202301161003/tools/bin/../lib/gcc/arm-none-eabi/10.3.1/../../../../arm-none-eabi/lib/thumb/v7e-m+fp/hard\libc_nano.a(lib_a-impure.o)
 .ARM.attributes
                0x0000000000000587       0x34 c:/st/stm32cubeide_1.11.2/stm32cubeide/plugins/com.st.stm32cube.ide.mcu.externaltools.gnu-tools-for-stm32.10.3-2021.10.win32_1.0.200.202301161003/tools/bin/../lib/gcc/arm-none-eabi/10.3.1/../../../../arm-none-eabi/lib/thumb/v7e-m+fp/hard\libc_nano.a(lib_a-init.o)
 .ARM.attributes