../Core/Src/LT768_Lib.c:12:6:LT768_HW_Reset	8	static
../Core/Src/LT768_Lib.c:34:6:System_Check_Temp	16	static
../Core/Src/LT768_Lib.c:93:6:LT768_PLL_Initial	40	static
../Core/Src/LT768_Lib.c:195:6:LT768_SDRAM_initail	24	static
../Core/Src/LT768_Lib.c:212:6:Set_LCD_Panel	8	static
../Core/Src/LT768_Lib.c:269:6:LT768_initial	8	static
../Core/Src/LT768_Lib.c:282:6:LT768_Init	8	static
../Core/Src/LT768_Lib.c:301:6:LT768_setMainWindow	24	static
../Core/Src/LT768_Lib.c:319:6:MPuint8_t_8bpp_Memory_Write	32	static
../Core/Src/LT768_Lib.c:347:6:MPuint8_t_16bpp_Memory_Write	32	static
../Core/Src/LT768_Lib.c:378:6:MPuint8_t_24bpp_Memory_Write	32	static
../Core/Src/LT768_Lib.c:414:6:MPuint16_t_16bpp_Memory_Write	32	static
../Core/Src/LT768_Lib.c:444:6:MPuint16_t_24bpp_Mode1_Memory_Write	32	static
../Core/Src/LT768_Lib.c:478:6:MPuint16_t_24bpp_Mode2_Memory_Write	32	static
../Core/Src/LT768_Lib.c:517:6:LT768_DrawLine	24	static
../Core/Src/LT768_Lib.c:535:6:LT768_DrawLine_Width	40	static
../Core/Src/LT768_Lib.c:555:6:LT768_DrawCircle	24	static
../Core/Src/LT768_Lib.c:572:6:LT768_DrawCircle_Fill	24	static
../Core/Src/LT768_Lib.c:589:6:LT768_DrawCircle_Width	24	static
../Core/Src/LT768_Lib.c:605:6:LT768_DrawEllipse	24	static
../Core/Src/LT768_Lib.c:621:6:LT768_DrawEllipse_Fill	24	static
../Core/Src/LT768_Lib.c:638:6:LT768_DrawEllipse_Width	32	static
../Core/Src/LT768_Lib.c:656:6:LT768_DrawSquare	24	static
../Core/Src/LT768_Lib.c:673:6:LT768_DrawSquare_Fill	24	static
../Core/Src/LT768_Lib.c:690:6:LT768_DrawSquare_Width	32	static
../Core/Src/LT768_Lib.c:706:6:LT768_DrawSquare_WidthOnly	24	static
../Core/Src/LT768_Lib.c:724:6:LT768_DrawCircleSquare	24	static
../Core/Src/LT768_Lib.c:745:6:LT768_DrawCircleSquare_Fill	24	static
../Core/Src/LT768_Lib.c:766:6:LT768_DrawCircleSquare_Width	40	static
../Core/Src/LT768_Lib.c:785:6:LT768_DrawTriangle	24	static
../Core/Src/LT768_Lib.c:806:6:LT768_DrawTriangle_Fill	24	static
../Core/Src/LT768_Lib.c:825:6:LT768_DrawTriangle_Frame	40	static
../Core/Src/LT768_Lib.c:845:6:LT768_DrawLeftUpCurve	24	static
../Core/Src/LT768_Lib.c:862:6:LT768_DrawLeftDownCurve	24	static
../Core/Src/LT768_Lib.c:879:6:LT768_DrawRightUpCurve	24	static
../Core/Src/LT768_Lib.c:896:6:LT768_DrawRightDownCurve	24	static
../Core/Src/LT768_Lib.c:913:6:LT768_SelectDrawCurve	32	static
../Core/Src/LT768_Lib.c:935:6:LT768_DrawLeftUpCurve_Fill	24	static
../Core/Src/LT768_Lib.c:952:6:LT768_DrawLeftDownCurve_Fill	24	static
../Core/Src/LT768_Lib.c:969:6:LT768_DrawRightUpCurve_Fill	24	static
../Core/Src/LT768_Lib.c:986:6:LT768_DrawRightDownCurve_Fill	24	static
../Core/Src/LT768_Lib.c:1003:6:LT768_SelectDrawCurve_Fill	32	static
../Core/Src/LT768_Lib.c:1027:6:LT768_DrawQuadrilateral	24	static
../Core/Src/LT768_Lib.c:1054:6:LT768_DrawQuadrilateral_Fill	24	static
../Core/Src/LT768_Lib.c:1084:6:LT768_DrawPentagon	24	static
../Core/Src/LT768_Lib.c:1114:6:LT768_DrawPentagon_Fill	24	static
../Core/Src/LT768_Lib.c:1145:15:LT768_DrawCylinder	32	static
../Core/Src/LT768_Lib.c:1177:6:LT768_DrawQuadrangular	48	static
../Core/Src/LT768_Lib.c:1207:6:LT768_MakeTable	48	static
../Core/Src/LT768_Lib.c:1250:6:LT768_Color_Bar_ON	8	static
../Core/Src/LT768_Lib.c:1255:6:LT768_Color_Bar_OFF	8	static
../Core/Src/LT768_Lib.c:1269:6:LT768_DMA_24bit_Linear	24	static
../Core/Src/LT768_Lib.c:1298:6:LT768_DMA_32bit_Linear	24	static
../Core/Src/LT768_Lib.c:1327:6:LT768_DMA_24bit_Block	24	static
../Core/Src/LT768_Lib.c:1360:6:LT768_DMA_32bit_Block	24	static
../Core/Src/LT768_Lib.c:1400:6:LT768_Select_Internal_Font_Init	24	static
../Core/Src/LT768_Lib.c:1436:6:LT768_Print_Internal_Font_String	24	static
../Core/Src/LT768_Lib.c:1455:6:LT768_Select_Outside_Font_Init	32	static
../Core/Src/LT768_Lib.c:1498:6:LT768_Print_Outside_Font_String	40	static
../Core/Src/LT768_Lib.c:1549:6:LT768_BTE_Memory_Copy_ColorExpansion_8	24	static
../Core/Src/LT768_Lib.c:1583:6:LT768_BTE_Memory_Copy_ColorExpansion_Chroma_key_8	24	static
../Core/Src/LT768_Lib.c:1615:6:LT768_Print_Outside_Font_GB2312_48_72	88	static
../Core/Src/LT768_Lib.c:1694:6:LT768_Print_Outside_Font_BIG5_48_72	96	static
../Core/Src/LT768_Lib.c:1776:6:LT768_Text_cursor_Init	24	static
../Core/Src/LT768_Lib.c:1796:6:LT768_Enable_Text_Cursor	8	static
../Core/Src/LT768_Lib.c:1802:6:LT768_Disable_Text_Cursor	8	static
../Core/Src/LT768_Lib.c:1808:6:LT768_Graphic_cursor_Init	32	static
../Core/Src/LT768_Lib.c:1847:6:LT768_Set_Graphic_cursor_Pos	16	static
../Core/Src/LT768_Lib.c:1867:6:LT768_Enable_Graphic_Cursor	8	static
../Core/Src/LT768_Lib.c:1873:6:LT768_Disable_Graphic_Cursor	8	static
../Core/Src/LT768_Lib.c:1881:6:LT768_PIP_Init	16	static
../Core/Src/LT768_Lib.c:1927:6:LT768_Set_DisWindowPos	24	static
../Core/Src/LT768_Lib.c:1961:6:BTE_Solid_Fill	24	static
../Core/Src/LT768_Lib.c:1988:6:LT768_BTE_Memory_Copy	24	static
../Core/Src/LT768_Lib.c:2048:6:LT768_BTE_Memory_Copy_Chroma_key	24	static
../Core/Src/LT768_Lib.c:2082:6:LT768_BTE_Pattern_Fill	24	static
../Core/Src/LT768_Lib.c:2143:6:LT768_BTE_Pattern_Fill_With_Chroma_key	24	static
../Core/Src/LT768_Lib.c:2207:6:LT768_BTE_MCU_Write_MCU_16bit	32	static
../Core/Src/LT768_Lib.c:2276:6:LT768_BTE_MCU_Write_Chroma_key_MCU_16bit	32	static
../Core/Src/LT768_Lib.c:2320:6:LT768_BTE_MCU_Write_ColorExpansion_MCU_16bit	32	static
../Core/Src/LT768_Lib.c:2367:6:LT768_BTE_MCU_Write_ColorExpansion_Chroma_key_MCU_16bit	32	static
../Core/Src/LT768_Lib.c:2411:6:BTE_Alpha_Blending	24	static
../Core/Src/LT768_Lib.c:2455:6:LT768_PWM0_Init	24	static
../Core/Src/LT768_Lib.c:2480:6:LT768_PWM0_Duty	16	static
../Core/Src/LT768_Lib.c:2487:6:LT768_PWM1_Init	24	static
../Core/Src/LT768_Lib.c:2512:6:LT768_PWM1_Duty	16	static
../Core/Src/LT768_Lib.c:2520:6:LT768_Standby	8	static
../Core/Src/LT768_Lib.c:2526:6:LT768_Wkup_Standby	8	static
../Core/Src/LT768_Lib.c:2534:6:LT768_Suspend	8	static
../Core/Src/LT768_Lib.c:2541:6:LT768_Wkup_Suspend	8	static
../Core/Src/LT768_Lib.c:2550:6:LT768_SleepMode	8	static
../Core/Src/LT768_Lib.c:2556:6:LT768_Wkup_Sleep	8	static
../Core/Src/LT768_Lib.c:2563:6:LT768_DrawLine1	24	static
../Core/Src/LT768_Lib.c:2579:6:LT768_SPI_Init	16	static
../Core/Src/LT768_Lib.c:2595:6:W25QXX_Enter_4Byte_AddressMode	8	static
../Core/Src/LT768_Lib.c:2602:6:LT_W25QXX_Read	40	static
../Core/Src/LT768_Lib.c:2625:9:W25N01GV_ReadSR	24	static
../Core/Src/LT768_Lib.c:2636:6:W25N01GV_Write_SR	16	static
../Core/Src/LT768_Lib.c:2645:6:W25N01GV_Wait_Busy	8	static
../Core/Src/LT768_Lib.c:2650:6:W25N01GV_ContinuousRead_Mode	16	static
../Core/Src/LT768_Lib.c:2660:6:W25N01GV_Write_Page	16	static
../Core/Src/LT768_Lib.c:2671:6:W25N01GV_ReadPageAddr_Data	40	static
../Core/Src/LT768_Lib.c:2699:6:LT_W25N01GV_Read	32	static
../Core/Src/LT768_Lib.c:2725:6:LT768_Nand_Pic	80	static
../Core/Src/LT768_Lib.c:2761:6:NandFlash_Select_Outside_Font_Init	40	static
../Core/Src/LT768_Lib.c:2811:6:LT768_BTE_Memory_Copy_8	24	static
../Core/Src/LT768_Lib.c:2853:6:LT768_Nand_8bpp_font	88	static
../Core/Src/LT768_Lib.c:2892:6:LT768_Print_Outside_Font_GB2312_48_72_Nand	80	static
../Core/Src/LT768_Lib.c:2970:6:LT768_Print_Outside_Font_GBK_48_72_Nand	80	static
