../Core/Src/main.c:104:5:main	32	static
../Core/Src/main.c:293:6:SystemClock_Config	88	static
../Core/Src/main.c:337:6:drawKeyPad	96	static
../Core/Src/main.c:468:6:int_to_string	16	static
../Core/Src/main.c:472:6:Keypad_storePassword	24	static
../Core/Src/main.c:491:6:remove_last_entry_from_password	24	static
../Core/Src/main.c:503:6:check_Password	8	static
../Core/Src/main.c:519:6:clear_password	32	static
../Core/Src/main.c:531:6:initiate_mainScreen	16	static
../Core/Src/main.c:539:6:updatewidget	32	static
../Core/Src/main.c:602:6:Error_Handler	4	static,ignoring_inline_asm
